<?xml version="1.0" encoding="ISO-8859-1" ?>
<link_info>
   <banner>MSP430 Linker PC v21.6.1.LTS</banner>
   <copyright>Copyright (c) 2003-2018 Texas Instruments Incorporated</copyright>
   <link_time>0x6595eecf</link_time>
   <link_errors>0x0</link_errors>
   <output_file>CapTest_Peripheral.out</output_file>
   <entry_point>
      <name>_c_int00_noargs_mpu</name>
      <address>0x855c</address>
   </entry_point>
   <input_file_list>
      <input_file id="fl-2">
         <path>.\</path>
         <kind>object</kind>
         <file>main.obj</file>
         <name>main.obj</name>
      </input_file>
      <input_file id="fl-3">
         <path>.\captivate\ADVANCED\</path>
         <kind>object</kind>
         <file>CAPT_Manager.obj</file>
         <name>CAPT_Manager.obj</name>
      </input_file>
      <input_file id="fl-4">
         <path>.\captivate\BASE\</path>
         <kind>object</kind>
         <file>CAPT_ISR.obj</file>
         <name>CAPT_ISR.obj</name>
      </input_file>
      <input_file id="fl-5">
         <path>.\captivate\COMM\</path>
         <kind>object</kind>
         <file>CAPT_Interface.obj</file>
         <name>CAPT_Interface.obj</name>
      </input_file>
      <input_file id="fl-6">
         <path>.\captivate\COMM\</path>
         <kind>object</kind>
         <file>FunctionTimer.obj</file>
         <name>FunctionTimer.obj</name>
      </input_file>
      <input_file id="fl-7">
         <path>.\captivate\COMM\</path>
         <kind>object</kind>
         <file>I2CSlave.obj</file>
         <name>I2CSlave.obj</name>
      </input_file>
      <input_file id="fl-8">
         <path>.\captivate\COMM\</path>
         <kind>object</kind>
         <file>UART.obj</file>
         <name>UART.obj</name>
      </input_file>
      <input_file id="fl-9">
         <path>.\captivate_app\</path>
         <kind>object</kind>
         <file>CAPT_App.obj</file>
         <name>CAPT_App.obj</name>
      </input_file>
      <input_file id="fl-a">
         <path>.\captivate_app\</path>
         <kind>object</kind>
         <file>CAPT_BSP.obj</file>
         <name>CAPT_BSP.obj</name>
      </input_file>
      <input_file id="fl-b">
         <path>.\captivate_config\</path>
         <kind>object</kind>
         <file>CAPT_UserConfig.obj</file>
         <name>CAPT_UserConfig.obj</name>
      </input_file>
      <input_file id="fl-1b">
         <kind>object</kind>
         <file>&lt;internal&gt;</file>
         <name>&lt;internal&gt;</name>
      </input_file>
      <input_file id="fl-40">
         <path>..\captivate\BASE\libraries\</path>
         <kind>archive</kind>
         <file>captivate_fr2676_family.lib</file>
         <name>CAPT_Protocol.o</name>
      </input_file>
      <input_file id="fl-41">
         <path>..\captivate\BASE\libraries\</path>
         <kind>archive</kind>
         <file>captivate_fr2676_family.lib</file>
         <name>CAPT_Calibration.o</name>
      </input_file>
      <input_file id="fl-42">
         <path>..\captivate\BASE\libraries\</path>
         <kind>archive</kind>
         <file>captivate_fr2676_family.lib</file>
         <name>CAPT_HAL.o</name>
      </input_file>
      <input_file id="fl-43">
         <path>..\captivate\BASE\libraries\</path>
         <kind>archive</kind>
         <file>captivate_fr2676_family.lib</file>
         <name>CAPT_EMC.o</name>
      </input_file>
      <input_file id="fl-44">
         <path>..\captivate\BASE\libraries\</path>
         <kind>archive</kind>
         <file>captivate_fr2676_family.lib</file>
         <name>CAPT_Touch.o</name>
      </input_file>
      <input_file id="fl-45">
         <path>..\captivate\BASE\libraries\</path>
         <kind>archive</kind>
         <file>captivate_fr2676_family.lib</file>
         <name>CAPT_ByteQueue.o</name>
      </input_file>
      <input_file id="fl-46">
         <path>..\driverlib\MSP430FR2xx_4xx\libraries\</path>
         <kind>archive</kind>
         <file>driverlib_fr2676_family.lib</file>
         <name>cs.o</name>
      </input_file>
      <input_file id="fl-47">
         <path>..\driverlib\MSP430FR2xx_4xx\libraries\</path>
         <kind>archive</kind>
         <file>driverlib_fr2676_family.lib</file>
         <name>framctl.o</name>
      </input_file>
      <input_file id="fl-48">
         <path>C:\ti\ccs1250\ccs\tools\compiler\ti-cgt-msp430_21.6.1.LTS\lib\</path>
         <kind>archive</kind>
         <file>rts430x_lc_ld_eabi.lib</file>
         <name>copy_decompress_lzss.c.obj</name>
      </input_file>
      <input_file id="fl-49">
         <path>C:\ti\ccs1250\ccs\tools\compiler\ti-cgt-msp430_21.6.1.LTS\lib\</path>
         <kind>archive</kind>
         <file>rts430x_lc_ld_eabi.lib</file>
         <name>copy_decompress_none.c.obj</name>
      </input_file>
      <input_file id="fl-4a">
         <path>C:\ti\ccs1250\ccs\tools\compiler\ti-cgt-msp430_21.6.1.LTS\lib\</path>
         <kind>archive</kind>
         <file>rts430x_lc_ld_eabi.lib</file>
         <name>int20.asm.obj</name>
      </input_file>
      <input_file id="fl-4b">
         <path>C:\ti\ccs1250\ccs\tools\compiler\ti-cgt-msp430_21.6.1.LTS\lib\</path>
         <kind>archive</kind>
         <file>rts430x_lc_ld_eabi.lib</file>
         <name>isr_trap.asm.obj</name>
      </input_file>
      <input_file id="fl-4c">
         <path>C:\ti\ccs1250\ccs\tools\compiler\ti-cgt-msp430_21.6.1.LTS\lib\</path>
         <kind>archive</kind>
         <file>rts430x_lc_ld_eabi.lib</file>
         <name>int21.asm.obj</name>
      </input_file>
      <input_file id="fl-4d">
         <path>C:\ti\ccs1250\ccs\tools\compiler\ti-cgt-msp430_21.6.1.LTS\lib\</path>
         <kind>archive</kind>
         <file>rts430x_lc_ld_eabi.lib</file>
         <name>int22.asm.obj</name>
      </input_file>
      <input_file id="fl-4e">
         <path>C:\ti\ccs1250\ccs\tools\compiler\ti-cgt-msp430_21.6.1.LTS\lib\</path>
         <kind>archive</kind>
         <file>rts430x_lc_ld_eabi.lib</file>
         <name>int23.asm.obj</name>
      </input_file>
      <input_file id="fl-4f">
         <path>C:\ti\ccs1250\ccs\tools\compiler\ti-cgt-msp430_21.6.1.LTS\lib\</path>
         <kind>archive</kind>
         <file>rts430x_lc_ld_eabi.lib</file>
         <name>int24.asm.obj</name>
      </input_file>
      <input_file id="fl-50">
         <path>C:\ti\ccs1250\ccs\tools\compiler\ti-cgt-msp430_21.6.1.LTS\lib\</path>
         <kind>archive</kind>
         <file>rts430x_lc_ld_eabi.lib</file>
         <name>int25.asm.obj</name>
      </input_file>
      <input_file id="fl-51">
         <path>C:\ti\ccs1250\ccs\tools\compiler\ti-cgt-msp430_21.6.1.LTS\lib\</path>
         <kind>archive</kind>
         <file>rts430x_lc_ld_eabi.lib</file>
         <name>int26.asm.obj</name>
      </input_file>
      <input_file id="fl-52">
         <path>C:\ti\ccs1250\ccs\tools\compiler\ti-cgt-msp430_21.6.1.LTS\lib\</path>
         <kind>archive</kind>
         <file>rts430x_lc_ld_eabi.lib</file>
         <name>int27.asm.obj</name>
      </input_file>
      <input_file id="fl-53">
         <path>C:\ti\ccs1250\ccs\tools\compiler\ti-cgt-msp430_21.6.1.LTS\lib\</path>
         <kind>archive</kind>
         <file>rts430x_lc_ld_eabi.lib</file>
         <name>int29.asm.obj</name>
      </input_file>
      <input_file id="fl-54">
         <path>C:\ti\ccs1250\ccs\tools\compiler\ti-cgt-msp430_21.6.1.LTS\lib\</path>
         <kind>archive</kind>
         <file>rts430x_lc_ld_eabi.lib</file>
         <name>int30.asm.obj</name>
      </input_file>
      <input_file id="fl-55">
         <path>C:\ti\ccs1250\ccs\tools\compiler\ti-cgt-msp430_21.6.1.LTS\lib\</path>
         <kind>archive</kind>
         <file>rts430x_lc_ld_eabi.lib</file>
         <name>int32.asm.obj</name>
      </input_file>
      <input_file id="fl-56">
         <path>C:\ti\ccs1250\ccs\tools\compiler\ti-cgt-msp430_21.6.1.LTS\lib\</path>
         <kind>archive</kind>
         <file>rts430x_lc_ld_eabi.lib</file>
         <name>int33.asm.obj</name>
      </input_file>
      <input_file id="fl-57">
         <path>C:\ti\ccs1250\ccs\tools\compiler\ti-cgt-msp430_21.6.1.LTS\lib\</path>
         <kind>archive</kind>
         <file>rts430x_lc_ld_eabi.lib</file>
         <name>int34.asm.obj</name>
      </input_file>
      <input_file id="fl-58">
         <path>C:\ti\ccs1250\ccs\tools\compiler\ti-cgt-msp430_21.6.1.LTS\lib\</path>
         <kind>archive</kind>
         <file>rts430x_lc_ld_eabi.lib</file>
         <name>int35.asm.obj</name>
      </input_file>
      <input_file id="fl-59">
         <path>C:\ti\ccs1250\ccs\tools\compiler\ti-cgt-msp430_21.6.1.LTS\lib\</path>
         <kind>archive</kind>
         <file>rts430x_lc_ld_eabi.lib</file>
         <name>int36.asm.obj</name>
      </input_file>
      <input_file id="fl-5a">
         <path>C:\ti\ccs1250\ccs\tools\compiler\ti-cgt-msp430_21.6.1.LTS\lib\</path>
         <kind>archive</kind>
         <file>rts430x_lc_ld_eabi.lib</file>
         <name>int37.asm.obj</name>
      </input_file>
      <input_file id="fl-5b">
         <path>C:\ti\ccs1250\ccs\tools\compiler\ti-cgt-msp430_21.6.1.LTS\lib\</path>
         <kind>archive</kind>
         <file>rts430x_lc_ld_eabi.lib</file>
         <name>int38.asm.obj</name>
      </input_file>
      <input_file id="fl-5c">
         <path>C:\ti\ccs1250\ccs\tools\compiler\ti-cgt-msp430_21.6.1.LTS\lib\</path>
         <kind>archive</kind>
         <file>rts430x_lc_ld_eabi.lib</file>
         <name>int39.asm.obj</name>
      </input_file>
      <input_file id="fl-5d">
         <path>C:\ti\ccs1250\ccs\tools\compiler\ti-cgt-msp430_21.6.1.LTS\lib\</path>
         <kind>archive</kind>
         <file>rts430x_lc_ld_eabi.lib</file>
         <name>int40.asm.obj</name>
      </input_file>
      <input_file id="fl-5e">
         <path>C:\ti\ccs1250\ccs\tools\compiler\ti-cgt-msp430_21.6.1.LTS\lib\</path>
         <kind>archive</kind>
         <file>rts430x_lc_ld_eabi.lib</file>
         <name>int41.asm.obj</name>
      </input_file>
      <input_file id="fl-5f">
         <path>C:\ti\ccs1250\ccs\tools\compiler\ti-cgt-msp430_21.6.1.LTS\lib\</path>
         <kind>archive</kind>
         <file>rts430x_lc_ld_eabi.lib</file>
         <name>int42.asm.obj</name>
      </input_file>
      <input_file id="fl-60">
         <path>C:\ti\ccs1250\ccs\tools\compiler\ti-cgt-msp430_21.6.1.LTS\lib\</path>
         <kind>archive</kind>
         <file>rts430x_lc_ld_eabi.lib</file>
         <name>int43.asm.obj</name>
      </input_file>
      <input_file id="fl-61">
         <path>C:\ti\ccs1250\ccs\tools\compiler\ti-cgt-msp430_21.6.1.LTS\lib\</path>
         <kind>archive</kind>
         <file>rts430x_lc_ld_eabi.lib</file>
         <name>int44.asm.obj</name>
      </input_file>
      <input_file id="fl-62">
         <path>C:\ti\ccs1250\ccs\tools\compiler\ti-cgt-msp430_21.6.1.LTS\lib\</path>
         <kind>archive</kind>
         <file>rts430x_lc_ld_eabi.lib</file>
         <name>int45.asm.obj</name>
      </input_file>
      <input_file id="fl-63">
         <path>C:\ti\ccs1250\ccs\tools\compiler\ti-cgt-msp430_21.6.1.LTS\lib\</path>
         <kind>archive</kind>
         <file>rts430x_lc_ld_eabi.lib</file>
         <name>copy_zero_init.c.obj</name>
      </input_file>
      <input_file id="fl-64">
         <path>C:\ti\ccs1250\ccs\tools\compiler\ti-cgt-msp430_21.6.1.LTS\lib\</path>
         <kind>archive</kind>
         <file>rts430x_lc_ld_eabi.lib</file>
         <name>div16s.asm.obj</name>
      </input_file>
      <input_file id="fl-65">
         <path>C:\ti\ccs1250\ccs\tools\compiler\ti-cgt-msp430_21.6.1.LTS\lib\</path>
         <kind>archive</kind>
         <file>rts430x_lc_ld_eabi.lib</file>
         <name>div32s.asm.obj</name>
      </input_file>
      <input_file id="fl-66">
         <path>C:\ti\ccs1250\ccs\tools\compiler\ti-cgt-msp430_21.6.1.LTS\lib\</path>
         <kind>archive</kind>
         <file>rts430x_lc_ld_eabi.lib</file>
         <name>div16u.asm.obj</name>
      </input_file>
      <input_file id="fl-67">
         <path>C:\ti\ccs1250\ccs\tools\compiler\ti-cgt-msp430_21.6.1.LTS\lib\</path>
         <kind>archive</kind>
         <file>rts430x_lc_ld_eabi.lib</file>
         <name>div32u.asm.obj</name>
      </input_file>
      <input_file id="fl-68">
         <path>C:\ti\ccs1250\ccs\tools\compiler\ti-cgt-msp430_21.6.1.LTS\lib\</path>
         <kind>archive</kind>
         <file>rts430x_lc_ld_eabi.lib</file>
         <name>mult16_f5hw.asm.obj</name>
      </input_file>
      <input_file id="fl-69">
         <path>C:\ti\ccs1250\ccs\tools\compiler\ti-cgt-msp430_21.6.1.LTS\lib\</path>
         <kind>archive</kind>
         <file>rts430x_lc_ld_eabi.lib</file>
         <name>mult32.asm.obj</name>
      </input_file>
      <input_file id="fl-6a">
         <path>C:\ti\ccs1250\ccs\tools\compiler\ti-cgt-msp430_21.6.1.LTS\lib\</path>
         <kind>archive</kind>
         <file>rts430x_lc_ld_eabi.lib</file>
         <name>mult32_f5hw.asm.obj</name>
      </input_file>
      <input_file id="fl-6b">
         <path>C:\ti\ccs1250\ccs\tools\compiler\ti-cgt-msp430_21.6.1.LTS\lib\</path>
         <kind>archive</kind>
         <file>rts430x_lc_ld_eabi.lib</file>
         <name>mult64.asm.obj</name>
      </input_file>
      <input_file id="fl-6c">
         <path>C:\ti\ccs1250\ccs\tools\compiler\ti-cgt-msp430_21.6.1.LTS\lib\</path>
         <kind>archive</kind>
         <file>rts430x_lc_ld_eabi.lib</file>
         <name>mult64_f5hw.asm.obj</name>
      </input_file>
      <input_file id="fl-6d">
         <path>C:\ti\ccs1250\ccs\tools\compiler\ti-cgt-msp430_21.6.1.LTS\lib\</path>
         <kind>archive</kind>
         <file>rts430x_lc_ld_eabi.lib</file>
         <name>mult1632_f5hw.asm.obj</name>
      </input_file>
      <input_file id="fl-6e">
         <path>C:\ti\ccs1250\ccs\tools\compiler\ti-cgt-msp430_21.6.1.LTS\lib\</path>
         <kind>archive</kind>
         <file>rts430x_lc_ld_eabi.lib</file>
         <name>mult3264_f5hw.asm.obj</name>
      </input_file>
      <input_file id="fl-6f">
         <path>C:\ti\ccs1250\ccs\tools\compiler\ti-cgt-msp430_21.6.1.LTS\lib\</path>
         <kind>archive</kind>
         <file>rts430x_lc_ld_eabi.lib</file>
         <name>mult1632.asm.obj</name>
      </input_file>
      <input_file id="fl-70">
         <path>C:\ti\ccs1250\ccs\tools\compiler\ti-cgt-msp430_21.6.1.LTS\lib\</path>
         <kind>archive</kind>
         <file>rts430x_lc_ld_eabi.lib</file>
         <name>lsl16.asm.obj</name>
      </input_file>
      <input_file id="fl-71">
         <path>C:\ti\ccs1250\ccs\tools\compiler\ti-cgt-msp430_21.6.1.LTS\lib\</path>
         <kind>archive</kind>
         <file>rts430x_lc_ld_eabi.lib</file>
         <name>lsl32.asm.obj</name>
      </input_file>
      <input_file id="fl-72">
         <path>C:\ti\ccs1250\ccs\tools\compiler\ti-cgt-msp430_21.6.1.LTS\lib\</path>
         <kind>archive</kind>
         <file>rts430x_lc_ld_eabi.lib</file>
         <name>lsl64.c.obj</name>
      </input_file>
      <input_file id="fl-73">
         <path>C:\ti\ccs1250\ccs\tools\compiler\ti-cgt-msp430_21.6.1.LTS\lib\</path>
         <kind>archive</kind>
         <file>rts430x_lc_ld_eabi.lib</file>
         <name>lsr16.asm.obj</name>
      </input_file>
      <input_file id="fl-74">
         <path>C:\ti\ccs1250\ccs\tools\compiler\ti-cgt-msp430_21.6.1.LTS\lib\</path>
         <kind>archive</kind>
         <file>rts430x_lc_ld_eabi.lib</file>
         <name>lsr32.asm.obj</name>
      </input_file>
      <input_file id="fl-75">
         <path>C:\ti\ccs1250\ccs\tools\compiler\ti-cgt-msp430_21.6.1.LTS\lib\</path>
         <kind>archive</kind>
         <file>rts430x_lc_ld_eabi.lib</file>
         <name>lsr64.c.obj</name>
      </input_file>
      <input_file id="fl-76">
         <path>C:\ti\ccs1250\ccs\tools\compiler\ti-cgt-msp430_21.6.1.LTS\lib\</path>
         <kind>archive</kind>
         <file>rts430x_lc_ld_eabi.lib</file>
         <name>boot.c.obj</name>
      </input_file>
      <input_file id="fl-77">
         <path>C:\ti\ccs1250\ccs\ccs_base\msp430\lib\FR2xx\</path>
         <kind>archive</kind>
         <file>FRWP_INIT_LIB_CCS_msp430_large_code_large_data.lib</file>
         <name>frwp_init.obj</name>
      </input_file>
      <input_file id="fl-78">
         <path>C:\ti\ccs1250\ccs\tools\compiler\ti-cgt-msp430_21.6.1.LTS\lib\</path>
         <kind>archive</kind>
         <file>rts430x_lc_ld_eabi.lib</file>
         <name>args_main.c.obj</name>
      </input_file>
      <input_file id="fl-79">
         <path>C:\ti\ccs1250\ccs\tools\compiler\ti-cgt-msp430_21.6.1.LTS\lib\</path>
         <kind>archive</kind>
         <file>rts430x_lc_ld_eabi.lib</file>
         <name>autoinit.c.obj</name>
      </input_file>
      <input_file id="fl-7a">
         <path>C:\ti\ccs1250\ccs\tools\compiler\ti-cgt-msp430_21.6.1.LTS\lib\</path>
         <kind>archive</kind>
         <file>rts430x_lc_ld_eabi.lib</file>
         <name>asr32.asm.obj</name>
      </input_file>
      <input_file id="fl-7b">
         <path>C:\ti\ccs1250\ccs\tools\compiler\ti-cgt-msp430_21.6.1.LTS\lib\</path>
         <kind>archive</kind>
         <file>rts430x_lc_ld_eabi.lib</file>
         <name>startup.c.obj</name>
      </input_file>
      <input_file id="fl-7c">
         <path>C:\ti\ccs1250\ccs\tools\compiler\ti-cgt-msp430_21.6.1.LTS\lib\</path>
         <kind>archive</kind>
         <file>rts430x_lc_ld_eabi.lib</file>
         <name>abs.c.obj</name>
      </input_file>
      <input_file id="fl-7d">
         <path>C:\ti\ccs1250\ccs\tools\compiler\ti-cgt-msp430_21.6.1.LTS\lib\</path>
         <kind>archive</kind>
         <file>rts430x_lc_ld_eabi.lib</file>
         <name>cpy_tbl.c.obj</name>
      </input_file>
      <input_file id="fl-7e">
         <path>C:\ti\ccs1250\ccs\tools\compiler\ti-cgt-msp430_21.6.1.LTS\lib\</path>
         <kind>archive</kind>
         <file>rts430x_lc_ld_eabi.lib</file>
         <name>mult16.asm.obj</name>
      </input_file>
      <input_file id="fl-7f">
         <path>C:\ti\ccs1250\ccs\tools\compiler\ti-cgt-msp430_21.6.1.LTS\lib\</path>
         <kind>archive</kind>
         <file>rts430x_lc_ld_eabi.lib</file>
         <name>exit.c.obj</name>
      </input_file>
      <input_file id="fl-80">
         <path>C:\ti\ccs1250\ccs\tools\compiler\ti-cgt-msp430_21.6.1.LTS\lib\</path>
         <kind>archive</kind>
         <file>rts430x_lc_ld_eabi.lib</file>
         <name>exit_gvars.c.obj</name>
      </input_file>
      <input_file id="fl-81">
         <path>C:\ti\ccs1250\ccs\tools\compiler\ti-cgt-msp430_21.6.1.LTS\lib\</path>
         <kind>archive</kind>
         <file>rts430x_lc_ld_eabi.lib</file>
         <name>_lock.c.obj</name>
      </input_file>
      <input_file id="fl-82">
         <path>C:\ti\ccs1250\ccs\tools\compiler\ti-cgt-msp430_21.6.1.LTS\lib\</path>
         <kind>archive</kind>
         <file>rts430x_lc_ld_eabi.lib</file>
         <name>memcpy.c.obj</name>
      </input_file>
      <input_file id="fl-83">
         <path>C:\ti\ccs1250\ccs\tools\compiler\ti-cgt-msp430_21.6.1.LTS\lib\</path>
         <kind>archive</kind>
         <file>rts430x_lc_ld_eabi.lib</file>
         <name>strlen.c.obj</name>
      </input_file>
   </input_file_list>
   <object_component_list>
      <object_component id="oc-949">
         <name>.cinit..data.load</name>
         <load_address>0x8000</load_address>
         <run_address>0x8000</run_address>
         <size>0x3f9</size>
      </object_component>
      <object_component id="oc-946">
         <name>__TI_handler_table</name>
         <load_address>0x83fa</load_address>
         <run_address>0x83fa</run_address>
         <size>0xc</size>
      </object_component>
      <object_component id="oc-948">
         <name>.cinit..bss.load</name>
         <load_address>0x8406</load_address>
         <run_address>0x8406</run_address>
         <size>0x6</size>
      </object_component>
      <object_component id="oc-947">
         <name>__TI_cinit_table</name>
         <load_address>0x840c</load_address>
         <run_address>0x840c</run_address>
         <size>0x10</size>
      </object_component>
      <object_component id="oc-8e5">
         <name>.binit</name>
         <load_address>0x841c</load_address>
         <run_address>0x841c</run_address>
         <size>0x0</size>
      </object_component>
      <object_component id="oc-638">
         <name>.const:g_UARTPort</name>
         <load_address>0x841c</load_address>
         <run_address>0x841c</run_address>
         <size>0x18</size>
         <input_file_ref idref="fl-5"/>
      </object_component>
      <object_component id="oc-40e">
         <name>.text:_isr:UART_ISR</name>
         <load_address>0x8434</load_address>
         <run_address>0x8434</run_address>
         <size>0xc2</size>
         <input_file_ref idref="fl-8"/>
      </object_component>
      <object_component id="oc-3fd">
         <name>.text:_isr:CAPT_ISR</name>
         <load_address>0x84f6</load_address>
         <run_address>0x84f6</run_address>
         <size>0x40</size>
         <input_file_ref idref="fl-4"/>
      </object_component>
      <object_component id="oc-408">
         <name>.text:_isr:USCIB0_ISR</name>
         <load_address>0x8536</load_address>
         <run_address>0x8536</run_address>
         <size>0x26</size>
         <input_file_ref idref="fl-2"/>
      </object_component>
      <object_component id="oc-43e">
         <name>.text:_isr:_c_int00_noargs_mpu</name>
         <load_address>0x855c</load_address>
         <run_address>0x855c</run_address>
         <size>0x20</size>
         <input_file_ref idref="fl-76"/>
      </object_component>
      <object_component id="oc-403">
         <name>.text:_isr:__TI_ISR_TRAP</name>
         <load_address>0x857c</load_address>
         <run_address>0x857c</run_address>
         <size>0x8</size>
         <input_file_ref idref="fl-4b"/>
      </object_component>
      <object_component id="oc-646">
         <name>.text:CAPT_calibrateBiasCurrentTrim</name>
         <load_address>0x10000</load_address>
         <run_address>0x10000</run_address>
         <size>0x2f4</size>
         <input_file_ref idref="fl-41"/>
      </object_component>
      <object_component id="oc-5ca">
         <name>.text:CAPT_updateSensor</name>
         <load_address>0x102f4</load_address>
         <run_address>0x102f4</run_address>
         <size>0x234</size>
         <input_file_ref idref="fl-44"/>
      </object_component>
      <object_component id="oc-647">
         <name>.text:CAPT_calibrateOffset</name>
         <load_address>0x10528</load_address>
         <run_address>0x10528</run_address>
         <size>0x22a</size>
         <input_file_ref idref="fl-41"/>
      </object_component>
      <object_component id="oc-5e4">
         <name>.text:CAPT_accessControllerParameter</name>
         <load_address>0x10752</load_address>
         <run_address>0x10752</run_address>
         <size>0x160</size>
         <input_file_ref idref="fl-5"/>
      </object_component>
      <object_component id="oc-5ea">
         <name>.text:CAPT_accessSpecialSensorParameter</name>
         <load_address>0x108b2</load_address>
         <run_address>0x108b2</run_address>
         <size>0x14a</size>
         <input_file_ref idref="fl-40"/>
      </object_component>
      <object_component id="oc-4d1">
         <name>.text:BSP_configureMCU</name>
         <load_address>0x109fc</load_address>
         <run_address>0x109fc</run_address>
         <size>0xec</size>
         <input_file_ref idref="fl-a"/>
      </object_component>
      <object_component id="oc-53f">
         <name>.text:CS_initFLL</name>
         <load_address>0x10ae8</load_address>
         <run_address>0x10ae8</run_address>
         <size>0xc4</size>
         <input_file_ref idref="fl-46"/>
      </object_component>
      <object_component id="oc-55e">
         <name>.text:CAPT_checkForInboundPacket</name>
         <load_address>0x10bac</load_address>
         <run_address>0x10bac</run_address>
         <size>0xb2</size>
         <input_file_ref idref="fl-5"/>
      </object_component>
      <object_component id="oc-489">
         <name>.text:main</name>
         <load_address>0x10c5e</load_address>
         <run_address>0x10c5e</run_address>
         <size>0x9e</size>
         <input_file_ref idref="fl-2"/>
      </object_component>
      <object_component id="oc-5cb">
         <name>.text:CAPT_writeElementData</name>
         <load_address>0x10cfc</load_address>
         <run_address>0x10cfc</run_address>
         <size>0x82</size>
         <input_file_ref idref="fl-5"/>
      </object_component>
      <object_component id="oc-5bf">
         <name>.text:CAPT_initSensor</name>
         <load_address>0x10d7e</load_address>
         <run_address>0x10d7e</run_address>
         <size>0x78</size>
         <input_file_ref idref="fl-44"/>
      </object_component>
      <object_component id="oc-511">
         <name>.text:__TI_auto_init_nobinit_nopinit_hold_wdt:__TI_auto_init_nobinit_nopinit_hold_wdt</name>
         <load_address>0x10df6</load_address>
         <run_address>0x10df6</run_address>
         <size>0x78</size>
         <input_file_ref idref="fl-79"/>
      </object_component>
      <object_component id="oc-6a">
         <name>.text:decompress:lzss:__TI_decompress_lzss</name>
         <load_address>0x10e6e</load_address>
         <run_address>0x10e6e</run_address>
         <size>0x76</size>
         <input_file_ref idref="fl-48"/>
      </object_component>
      <object_component id="oc-551">
         <name>.text:CAPT_updateUI</name>
         <load_address>0x10ee4</load_address>
         <run_address>0x10ee4</run_address>
         <size>0x70</size>
         <input_file_ref idref="fl-3"/>
      </object_component>
      <object_component id="oc-63b">
         <name>.text:UART_openPort</name>
         <load_address>0x10f54</load_address>
         <run_address>0x10f54</run_address>
         <size>0x6c</size>
         <input_file_ref idref="fl-8"/>
      </object_component>
      <object_component id="oc-648">
         <name>.text:CAPT_processFSMCycle</name>
         <load_address>0x10fc0</load_address>
         <run_address>0x10fc0</run_address>
         <size>0x6a</size>
         <input_file_ref idref="fl-44"/>
      </object_component>
      <object_component id="oc-649">
         <name>.text:CAPT_processSensor</name>
         <load_address>0x1102a</load_address>
         <run_address>0x1102a</run_address>
         <size>0x6a</size>
         <input_file_ref idref="fl-44"/>
      </object_component>
      <object_component id="oc-544">
         <name>.text:CAPT_initUI</name>
         <load_address>0x11094</load_address>
         <run_address>0x11094</run_address>
         <size>0x62</size>
         <input_file_ref idref="fl-3"/>
      </object_component>
      <object_component id="oc-6b8">
         <name>.text:CAPT_pushOntoByteQueue</name>
         <load_address>0x110f6</load_address>
         <run_address>0x110f6</run_address>
         <size>0x58</size>
         <input_file_ref idref="fl-45"/>
      </object_component>
      <object_component id="oc-5d1">
         <name>.text:CAPT_writeSensorData</name>
         <load_address>0x1114e</load_address>
         <run_address>0x1114e</run_address>
         <size>0x58</size>
         <input_file_ref idref="fl-5"/>
      </object_component>
      <object_component id="oc-680">
         <name>.text:CAPT_preProcessSlider</name>
         <load_address>0x111a6</load_address>
         <run_address>0x111a6</run_address>
         <size>0x4e</size>
         <input_file_ref idref="fl-44"/>
      </object_component>
      <object_component id="oc-64a">
         <name>.text:CAPT_selectInputImpedanceBiasCurrentTrim</name>
         <load_address>0x111f4</load_address>
         <run_address>0x111f4</run_address>
         <size>0x4e</size>
         <input_file_ref idref="fl-42"/>
      </object_component>
      <object_component id="oc-5c0">
         <name>.text:CAPT_initCommInterface</name>
         <load_address>0x11242</load_address>
         <run_address>0x11242</run_address>
         <size>0x4a</size>
         <input_file_ref idref="fl-5"/>
      </object_component>
      <object_component id="oc-5f2">
         <name>.text:UART_transmitBuffer</name>
         <load_address>0x1128c</load_address>
         <run_address>0x1128c</run_address>
         <size>0x46</size>
         <input_file_ref idref="fl-8"/>
      </object_component>
      <object_component id="oc-4dd">
         <name>.text:CAPT_appHandler</name>
         <load_address>0x112d2</load_address>
         <run_address>0x112d2</run_address>
         <size>0x3e</size>
         <input_file_ref idref="fl-9"/>
      </object_component>
      <object_component id="oc-5c8">
         <name>.text:CAPT_calibrateSensor</name>
         <load_address>0x11310</load_address>
         <run_address>0x11310</run_address>
         <size>0x3e</size>
         <input_file_ref idref="fl-41"/>
      </object_component>
      <object_component id="oc-53e">
         <name>.text:CS_turnOnXT1LFWithTimeout</name>
         <load_address>0x1134e</load_address>
         <run_address>0x1134e</run_address>
         <size>0x3e</size>
         <input_file_ref idref="fl-46"/>
      </object_component>
      <object_component id="oc-584">
         <name>.text:l_asr_const</name>
         <load_address>0x1138c</load_address>
         <run_address>0x1138c</run_address>
         <size>0x3e</size>
         <input_file_ref idref="fl-7a"/>
      </object_component>
      <object_component id="oc-49b">
         <name>.text:__mpu_init</name>
         <load_address>0x113ca</load_address>
         <run_address>0x113ca</run_address>
         <size>0x3c</size>
         <input_file_ref idref="fl-77"/>
      </object_component>
      <object_component id="oc-3f0">
         <name>.text:memcpy</name>
         <load_address>0x11406</load_address>
         <run_address>0x11406</run_address>
         <size>0x3c</size>
         <input_file_ref idref="fl-82"/>
      </object_component>
      <object_component id="oc-4d7">
         <name>.text:CAPT_appStart</name>
         <load_address>0x11442</load_address>
         <run_address>0x11442</run_address>
         <size>0x3a</size>
         <input_file_ref idref="fl-9"/>
      </object_component>
      <object_component id="oc-4e6">
         <name>.text:CAPT_appSleep</name>
         <load_address>0x1147c</load_address>
         <run_address>0x1147c</run_address>
         <size>0x32</size>
         <input_file_ref idref="fl-9"/>
      </object_component>
      <object_component id="oc-70b">
         <name>.text:CAPT_isByteQueueFull</name>
         <load_address>0x114ae</load_address>
         <run_address>0x114ae</run_address>
         <size>0x28</size>
         <input_file_ref idref="fl-45"/>
      </object_component>
      <object_component id="oc-54a">
         <name>.text:CAPT_calibrateUI</name>
         <load_address>0x114d6</load_address>
         <run_address>0x114d6</run_address>
         <size>0x26</size>
         <input_file_ref idref="fl-3"/>
      </object_component>
      <object_component id="oc-557">
         <name>.text:CAPT_getGlobalUIProximityStatus</name>
         <load_address>0x114fc</load_address>
         <run_address>0x114fc</run_address>
         <size>0x26</size>
         <input_file_ref idref="fl-3"/>
      </object_component>
      <object_component id="oc-5bc">
         <name>.text:CAPT_init</name>
         <load_address>0x11522</load_address>
         <run_address>0x11522</run_address>
         <size>0x24</size>
         <input_file_ref idref="fl-42"/>
      </object_component>
      <object_component id="oc-414">
         <name>.text:decompress:ZI:__TI_zero_init_nomemset:__TI_zero_init_nomemset</name>
         <load_address>0x11546</load_address>
         <run_address>0x11546</run_address>
         <size>0x24</size>
         <input_file_ref idref="fl-63"/>
      </object_component>
      <object_component id="oc-5d7">
         <name>.text:CAPT_testForMaxCountRecalibration</name>
         <load_address>0x1156a</load_address>
         <run_address>0x1156a</run_address>
         <size>0x20</size>
         <input_file_ref idref="fl-44"/>
      </object_component>
      <object_component id="oc-5ee">
         <name>.text:CAPT_getChecksum</name>
         <load_address>0x1158a</load_address>
         <run_address>0x1158a</run_address>
         <size>0x1c</size>
         <input_file_ref idref="fl-40"/>
      </object_component>
      <object_component id="oc-5bd">
         <name>.text:CAPT_selectInputImpedanceBiasCurrent</name>
         <load_address>0x115a6</load_address>
         <run_address>0x115a6</run_address>
         <size>0x1a</size>
         <input_file_ref idref="fl-42"/>
      </object_component>
      <object_component id="oc-5d8">
         <name>.text:CAPT_testForNegativeTouchRecalibration</name>
         <load_address>0x115c0</load_address>
         <run_address>0x115c0</run_address>
         <size>0x18</size>
         <input_file_ref idref="fl-44"/>
      </object_component>
      <object_component id="oc-53c">
         <name>.text:FRAMCtl_configureWaitStateControl</name>
         <load_address>0x115d8</load_address>
         <run_address>0x115d8</run_address>
         <size>0x16</size>
         <input_file_ref idref="fl-47"/>
      </object_component>
      <object_component id="oc-70">
         <name>.text:decompress:none:__TI_decompress_none</name>
         <load_address>0x115ee</load_address>
         <run_address>0x115ee</run_address>
         <size>0x16</size>
         <input_file_ref idref="fl-49"/>
      </object_component>
      <object_component id="oc-564">
         <name>.text:CAPT_checkForRecalibrationRequest</name>
         <load_address>0x11604</load_address>
         <run_address>0x11604</run_address>
         <size>0x12</size>
         <input_file_ref idref="fl-5"/>
      </object_component>
      <object_component id="oc-677">
         <name>.text:CAPT_UARTReceiveHandler</name>
         <load_address>0x11616</load_address>
         <run_address>0x11616</run_address>
         <size>0xe</size>
         <input_file_ref idref="fl-5"/>
      </object_component>
      <object_component id="oc-5be">
         <name>.text:CAPT_selectElectrodeChargeVoltageSource</name>
         <load_address>0x11624</load_address>
         <run_address>0x11624</run_address>
         <size>0xc</size>
         <input_file_ref idref="fl-42"/>
      </object_component>
      <object_component id="oc-644">
         <name>.text:CAPT_getInputImpedanceBiasCurrent</name>
         <load_address>0x11630</load_address>
         <run_address>0x11630</run_address>
         <size>0xa</size>
         <input_file_ref idref="fl-42"/>
      </object_component>
      <object_component id="oc-53d">
         <name>.text:CS_setExternalClockSource</name>
         <load_address>0x1163a</load_address>
         <run_address>0x1163a</run_address>
         <size>0xa</size>
         <input_file_ref idref="fl-46"/>
      </object_component>
      <object_component id="oc-483">
         <name>.text:_system_pre_init</name>
         <load_address>0x11644</load_address>
         <run_address>0x11644</run_address>
         <size>0xa</size>
         <input_file_ref idref="fl-a"/>
      </object_component>
      <object_component id="oc-681">
         <name>.text</name>
         <load_address>0x1164e</load_address>
         <run_address>0x1164e</run_address>
         <size>0xa</size>
         <input_file_ref idref="fl-70"/>
      </object_component>
      <object_component id="oc-645">
         <name>.text:CAPT_clearInputImpedanceBiasCurrent</name>
         <load_address>0x11658</load_address>
         <run_address>0x11658</run_address>
         <size>0x8</size>
         <input_file_ref idref="fl-42"/>
      </object_component>
      <object_component id="oc-461">
         <name>.text:CAPT_getInterruptVector</name>
         <load_address>0x11660</load_address>
         <run_address>0x11660</run_address>
         <size>0x6</size>
         <input_file_ref idref="fl-42"/>
      </object_component>
      <object_component id="oc-4ed">
         <name>.text:abort</name>
         <load_address>0x11666</load_address>
         <run_address>0x11666</run_address>
         <size>0x6</size>
         <input_file_ref idref="fl-7f"/>
      </object_component>
      <object_component id="oc-589">
         <name>.text:_system_post_cinit</name>
         <load_address>0x1166c</load_address>
         <run_address>0x1166c</run_address>
         <size>0x2</size>
         <input_file_ref idref="fl-7b"/>
      </object_component>
      <object_component id="oc-632">
         <name>.bss:g_ui8TransmitBuffer_ping</name>
         <uninitialized>true</uninitialized>
         <run_address>0x2a5e</run_address>
         <size>0x30</size>
         <input_file_ref idref="fl-5"/>
      </object_component>
      <object_component id="oc-635">
         <name>.bss:g_ui8TransmitBuffer_pong</name>
         <uninitialized>true</uninitialized>
         <run_address>0x2a8e</run_address>
         <size>0x30</size>
         <input_file_ref idref="fl-5"/>
      </object_component>
      <object_component id="oc-62f">
         <name>.bss:g_ui8QueueBuffer</name>
         <uninitialized>true</uninitialized>
         <run_address>0x295e</run_address>
         <size>0x100</size>
         <input_file_ref idref="fl-5"/>
      </object_component>
      <object_component id="oc-5ef">
         <name>.bss:g_PingPongBuffer</name>
         <uninitialized>true</uninitialized>
         <run_address>0x2ade</run_address>
         <size>0x8</size>
         <input_file_ref idref="fl-5"/>
      </object_component>
      <object_component id="oc-5db">
         <name>.bss:g_ReceiveQueue</name>
         <uninitialized>true</uninitialized>
         <run_address>0x2aca</run_address>
         <size>0xa</size>
         <input_file_ref idref="fl-5"/>
      </object_component>
      <object_component id="oc-5e1">
         <name>.bss:g_protocolProcessingVars</name>
         <uninitialized>true</uninitialized>
         <run_address>0x2bf4</run_address>
         <size>0x2</size>
         <input_file_ref idref="fl-5"/>
      </object_component>
      <object_component id="oc-5de">
         <name>.bss:g_parameterPacket</name>
         <uninitialized>true</uninitialized>
         <run_address>0x2abe</run_address>
         <size>0xc</size>
         <input_file_ref idref="fl-5"/>
      </object_component>
      <object_component id="oc-5eb">
         <name>.bss</name>
         <uninitialized>true</uninitialized>
         <run_address>0x2ae6</run_address>
         <size>0x6</size>
         <input_file_ref idref="fl-5"/>
      </object_component>
      <object_component id="oc-46b">
         <name>.common:TXData</name>
         <uninitialized>true</uninitialized>
         <run_address>0x2c78</run_address>
         <size>0x1</size>
      </object_component>
      <object_component id="oc-4d0">
         <name>.common:newData</name>
         <uninitialized>true</uninitialized>
         <run_address>0x2c7f</run_address>
         <size>0x1</size>
      </object_component>
      <object_component id="oc-468">
         <name>.common:g_bEndOfConversionFlag</name>
         <uninitialized>true</uninitialized>
         <run_address>0x2c7d</run_address>
         <size>0x1</size>
      </object_component>
      <object_component id="oc-467">
         <name>.common:g_bDetectionFlag</name>
         <uninitialized>true</uninitialized>
         <run_address>0x2c7c</run_address>
         <size>0x1</size>
      </object_component>
      <object_component id="oc-466">
         <name>.common:g_bConvTimerFlag</name>
         <uninitialized>true</uninitialized>
         <run_address>0x2c7b</run_address>
         <size>0x1</size>
      </object_component>
      <object_component id="oc-465">
         <name>.common:g_bConvCounterFlag</name>
         <uninitialized>true</uninitialized>
         <run_address>0x2c7a</run_address>
         <size>0x1</size>
      </object_component>
      <object_component id="oc-462">
         <name>.common:g_bMaxCountErrorFlag</name>
         <uninitialized>true</uninitialized>
         <run_address>0x2c7e</run_address>
         <size>0x1</size>
      </object_component>
      <object_component id="oc-474">
         <name>.common:g_pUARTPort</name>
         <uninitialized>true</uninitialized>
         <run_address>0x2bec</run_address>
         <size>0x4</size>
      </object_component>
      <object_component id="oc-46f">
         <name>.common:g_pUARTTransmitPtr</name>
         <uninitialized>true</uninitialized>
         <run_address>0x2bf0</run_address>
         <size>0x4</size>
      </object_component>
      <object_component id="oc-472">
         <name>.common:g_ui16UARTTransmitBytesLeft</name>
         <uninitialized>true</uninitialized>
         <run_address>0x2c76</run_address>
         <size>0x2</size>
      </object_component>
      <object_component id="oc-473">
         <name>.common:g_UARTStatus</name>
         <uninitialized>true</uninitialized>
         <run_address>0x2c79</run_address>
         <size>0x1</size>
      </object_component>
      <object_component id="oc-56e">
         <name>.common:BTN00_E00_RawCnts</name>
         <uninitialized>true</uninitialized>
         <run_address>0x2bf6</run_address>
         <size>0x2</size>
      </object_component>
      <object_component id="oc-56b">
         <name>.common:BTN00_E00_Tuning</name>
         <uninitialized>true</uninitialized>
         <run_address>0x2aec</run_address>
         <size>0x4</size>
      </object_component>
      <object_component id="oc-7ea">
         <name>.common:BTN00_E01_RawCnts</name>
         <uninitialized>true</uninitialized>
         <run_address>0x2bf8</run_address>
         <size>0x2</size>
      </object_component>
      <object_component id="oc-7e9">
         <name>.common:BTN00_E01_Tuning</name>
         <uninitialized>true</uninitialized>
         <run_address>0x2af0</run_address>
         <size>0x4</size>
      </object_component>
      <object_component id="oc-7ee">
         <name>.common:BTN00_E02_RawCnts</name>
         <uninitialized>true</uninitialized>
         <run_address>0x2bfa</run_address>
         <size>0x2</size>
      </object_component>
      <object_component id="oc-7ed">
         <name>.common:BTN00_E02_Tuning</name>
         <uninitialized>true</uninitialized>
         <run_address>0x2af4</run_address>
         <size>0x4</size>
      </object_component>
      <object_component id="oc-7f2">
         <name>.common:BTN00_E03_RawCnts</name>
         <uninitialized>true</uninitialized>
         <run_address>0x2bfc</run_address>
         <size>0x2</size>
      </object_component>
      <object_component id="oc-7f1">
         <name>.common:BTN00_E03_Tuning</name>
         <uninitialized>true</uninitialized>
         <run_address>0x2af8</run_address>
         <size>0x4</size>
      </object_component>
      <object_component id="oc-7f6">
         <name>.common:BTN00_E04_RawCnts</name>
         <uninitialized>true</uninitialized>
         <run_address>0x2bfe</run_address>
         <size>0x2</size>
      </object_component>
      <object_component id="oc-7f5">
         <name>.common:BTN00_E04_Tuning</name>
         <uninitialized>true</uninitialized>
         <run_address>0x2afc</run_address>
         <size>0x4</size>
      </object_component>
      <object_component id="oc-7fa">
         <name>.common:BTN00_E05_RawCnts</name>
         <uninitialized>true</uninitialized>
         <run_address>0x2c00</run_address>
         <size>0x2</size>
      </object_component>
      <object_component id="oc-7f9">
         <name>.common:BTN00_E05_Tuning</name>
         <uninitialized>true</uninitialized>
         <run_address>0x2b00</run_address>
         <size>0x4</size>
      </object_component>
      <object_component id="oc-7fe">
         <name>.common:BTN00_E06_RawCnts</name>
         <uninitialized>true</uninitialized>
         <run_address>0x2c02</run_address>
         <size>0x2</size>
      </object_component>
      <object_component id="oc-7fd">
         <name>.common:BTN00_E06_Tuning</name>
         <uninitialized>true</uninitialized>
         <run_address>0x2b04</run_address>
         <size>0x4</size>
      </object_component>
      <object_component id="oc-802">
         <name>.common:BTN00_E07_RawCnts</name>
         <uninitialized>true</uninitialized>
         <run_address>0x2c04</run_address>
         <size>0x2</size>
      </object_component>
      <object_component id="oc-801">
         <name>.common:BTN00_E07_Tuning</name>
         <uninitialized>true</uninitialized>
         <run_address>0x2b08</run_address>
         <size>0x4</size>
      </object_component>
      <object_component id="oc-806">
         <name>.common:BTN00_E08_RawCnts</name>
         <uninitialized>true</uninitialized>
         <run_address>0x2c06</run_address>
         <size>0x2</size>
      </object_component>
      <object_component id="oc-805">
         <name>.common:BTN00_E08_Tuning</name>
         <uninitialized>true</uninitialized>
         <run_address>0x2b0c</run_address>
         <size>0x4</size>
      </object_component>
      <object_component id="oc-80a">
         <name>.common:BTN00_E09_RawCnts</name>
         <uninitialized>true</uninitialized>
         <run_address>0x2c08</run_address>
         <size>0x2</size>
      </object_component>
      <object_component id="oc-809">
         <name>.common:BTN00_E09_Tuning</name>
         <uninitialized>true</uninitialized>
         <run_address>0x2b10</run_address>
         <size>0x4</size>
      </object_component>
      <object_component id="oc-80e">
         <name>.common:BTN00_E10_RawCnts</name>
         <uninitialized>true</uninitialized>
         <run_address>0x2c0a</run_address>
         <size>0x2</size>
      </object_component>
      <object_component id="oc-80d">
         <name>.common:BTN00_E10_Tuning</name>
         <uninitialized>true</uninitialized>
         <run_address>0x2b14</run_address>
         <size>0x4</size>
      </object_component>
      <object_component id="oc-812">
         <name>.common:BTN00_E11_RawCnts</name>
         <uninitialized>true</uninitialized>
         <run_address>0x2c0c</run_address>
         <size>0x2</size>
      </object_component>
      <object_component id="oc-811">
         <name>.common:BTN00_E11_Tuning</name>
         <uninitialized>true</uninitialized>
         <run_address>0x2b18</run_address>
         <size>0x4</size>
      </object_component>
      <object_component id="oc-816">
         <name>.common:BTN00_E12_RawCnts</name>
         <uninitialized>true</uninitialized>
         <run_address>0x2c0e</run_address>
         <size>0x2</size>
      </object_component>
      <object_component id="oc-815">
         <name>.common:BTN00_E12_Tuning</name>
         <uninitialized>true</uninitialized>
         <run_address>0x2b1c</run_address>
         <size>0x4</size>
      </object_component>
      <object_component id="oc-81a">
         <name>.common:BTN00_E13_RawCnts</name>
         <uninitialized>true</uninitialized>
         <run_address>0x2c10</run_address>
         <size>0x2</size>
      </object_component>
      <object_component id="oc-819">
         <name>.common:BTN00_E13_Tuning</name>
         <uninitialized>true</uninitialized>
         <run_address>0x2b20</run_address>
         <size>0x4</size>
      </object_component>
      <object_component id="oc-81e">
         <name>.common:BTN00_E14_RawCnts</name>
         <uninitialized>true</uninitialized>
         <run_address>0x2c12</run_address>
         <size>0x2</size>
      </object_component>
      <object_component id="oc-81d">
         <name>.common:BTN00_E14_Tuning</name>
         <uninitialized>true</uninitialized>
         <run_address>0x2b24</run_address>
         <size>0x4</size>
      </object_component>
      <object_component id="oc-822">
         <name>.common:BTN00_E15_RawCnts</name>
         <uninitialized>true</uninitialized>
         <run_address>0x2c14</run_address>
         <size>0x2</size>
      </object_component>
      <object_component id="oc-821">
         <name>.common:BTN00_E15_Tuning</name>
         <uninitialized>true</uninitialized>
         <run_address>0x2b28</run_address>
         <size>0x4</size>
      </object_component>
      <object_component id="oc-826">
         <name>.common:BTN00_E16_RawCnts</name>
         <uninitialized>true</uninitialized>
         <run_address>0x2c16</run_address>
         <size>0x2</size>
      </object_component>
      <object_component id="oc-825">
         <name>.common:BTN00_E16_Tuning</name>
         <uninitialized>true</uninitialized>
         <run_address>0x2b2c</run_address>
         <size>0x4</size>
      </object_component>
      <object_component id="oc-82a">
         <name>.common:BTN00_E17_RawCnts</name>
         <uninitialized>true</uninitialized>
         <run_address>0x2c18</run_address>
         <size>0x2</size>
      </object_component>
      <object_component id="oc-829">
         <name>.common:BTN00_E17_Tuning</name>
         <uninitialized>true</uninitialized>
         <run_address>0x2b30</run_address>
         <size>0x4</size>
      </object_component>
      <object_component id="oc-82e">
         <name>.common:BTN00_E18_RawCnts</name>
         <uninitialized>true</uninitialized>
         <run_address>0x2c1a</run_address>
         <size>0x2</size>
      </object_component>
      <object_component id="oc-82d">
         <name>.common:BTN00_E18_Tuning</name>
         <uninitialized>true</uninitialized>
         <run_address>0x2b34</run_address>
         <size>0x4</size>
      </object_component>
      <object_component id="oc-832">
         <name>.common:BTN00_E19_RawCnts</name>
         <uninitialized>true</uninitialized>
         <run_address>0x2c1c</run_address>
         <size>0x2</size>
      </object_component>
      <object_component id="oc-831">
         <name>.common:BTN00_E19_Tuning</name>
         <uninitialized>true</uninitialized>
         <run_address>0x2b38</run_address>
         <size>0x4</size>
      </object_component>
      <object_component id="oc-836">
         <name>.common:BTN00_E20_RawCnts</name>
         <uninitialized>true</uninitialized>
         <run_address>0x2c1e</run_address>
         <size>0x2</size>
      </object_component>
      <object_component id="oc-835">
         <name>.common:BTN00_E20_Tuning</name>
         <uninitialized>true</uninitialized>
         <run_address>0x2b3c</run_address>
         <size>0x4</size>
      </object_component>
      <object_component id="oc-83a">
         <name>.common:BTN00_E21_RawCnts</name>
         <uninitialized>true</uninitialized>
         <run_address>0x2c20</run_address>
         <size>0x2</size>
      </object_component>
      <object_component id="oc-839">
         <name>.common:BTN00_E21_Tuning</name>
         <uninitialized>true</uninitialized>
         <run_address>0x2b40</run_address>
         <size>0x4</size>
      </object_component>
      <object_component id="oc-83e">
         <name>.common:BTN00_E22_RawCnts</name>
         <uninitialized>true</uninitialized>
         <run_address>0x2c22</run_address>
         <size>0x2</size>
      </object_component>
      <object_component id="oc-83d">
         <name>.common:BTN00_E22_Tuning</name>
         <uninitialized>true</uninitialized>
         <run_address>0x2b44</run_address>
         <size>0x4</size>
      </object_component>
      <object_component id="oc-842">
         <name>.common:BTN00_E23_RawCnts</name>
         <uninitialized>true</uninitialized>
         <run_address>0x2c24</run_address>
         <size>0x2</size>
      </object_component>
      <object_component id="oc-841">
         <name>.common:BTN00_E23_Tuning</name>
         <uninitialized>true</uninitialized>
         <run_address>0x2b48</run_address>
         <size>0x4</size>
      </object_component>
      <object_component id="oc-846">
         <name>.common:BTN00_E24_RawCnts</name>
         <uninitialized>true</uninitialized>
         <run_address>0x2c26</run_address>
         <size>0x2</size>
      </object_component>
      <object_component id="oc-845">
         <name>.common:BTN00_E24_Tuning</name>
         <uninitialized>true</uninitialized>
         <run_address>0x2b4c</run_address>
         <size>0x4</size>
      </object_component>
      <object_component id="oc-84a">
         <name>.common:BTN00_E25_RawCnts</name>
         <uninitialized>true</uninitialized>
         <run_address>0x2c28</run_address>
         <size>0x2</size>
      </object_component>
      <object_component id="oc-849">
         <name>.common:BTN00_E25_Tuning</name>
         <uninitialized>true</uninitialized>
         <run_address>0x2b50</run_address>
         <size>0x4</size>
      </object_component>
      <object_component id="oc-84e">
         <name>.common:BTN00_E26_RawCnts</name>
         <uninitialized>true</uninitialized>
         <run_address>0x2c2a</run_address>
         <size>0x2</size>
      </object_component>
      <object_component id="oc-84d">
         <name>.common:BTN00_E26_Tuning</name>
         <uninitialized>true</uninitialized>
         <run_address>0x2b54</run_address>
         <size>0x4</size>
      </object_component>
      <object_component id="oc-852">
         <name>.common:BTN00_E27_RawCnts</name>
         <uninitialized>true</uninitialized>
         <run_address>0x2c2c</run_address>
         <size>0x2</size>
      </object_component>
      <object_component id="oc-851">
         <name>.common:BTN00_E27_Tuning</name>
         <uninitialized>true</uninitialized>
         <run_address>0x2b58</run_address>
         <size>0x4</size>
      </object_component>
      <object_component id="oc-856">
         <name>.common:BTN00_E28_RawCnts</name>
         <uninitialized>true</uninitialized>
         <run_address>0x2c2e</run_address>
         <size>0x2</size>
      </object_component>
      <object_component id="oc-855">
         <name>.common:BTN00_E28_Tuning</name>
         <uninitialized>true</uninitialized>
         <run_address>0x2b5c</run_address>
         <size>0x4</size>
      </object_component>
      <object_component id="oc-85a">
         <name>.common:BTN00_E29_RawCnts</name>
         <uninitialized>true</uninitialized>
         <run_address>0x2c30</run_address>
         <size>0x2</size>
      </object_component>
      <object_component id="oc-859">
         <name>.common:BTN00_E29_Tuning</name>
         <uninitialized>true</uninitialized>
         <run_address>0x2b60</run_address>
         <size>0x4</size>
      </object_component>
      <object_component id="oc-85e">
         <name>.common:BTN00_E30_RawCnts</name>
         <uninitialized>true</uninitialized>
         <run_address>0x2c32</run_address>
         <size>0x2</size>
      </object_component>
      <object_component id="oc-85d">
         <name>.common:BTN00_E30_Tuning</name>
         <uninitialized>true</uninitialized>
         <run_address>0x2b64</run_address>
         <size>0x4</size>
      </object_component>
      <object_component id="oc-862">
         <name>.common:BTN00_E31_RawCnts</name>
         <uninitialized>true</uninitialized>
         <run_address>0x2c34</run_address>
         <size>0x2</size>
      </object_component>
      <object_component id="oc-861">
         <name>.common:BTN00_E31_Tuning</name>
         <uninitialized>true</uninitialized>
         <run_address>0x2b68</run_address>
         <size>0x4</size>
      </object_component>
      <object_component id="oc-866">
         <name>.common:BTN00_E32_RawCnts</name>
         <uninitialized>true</uninitialized>
         <run_address>0x2c36</run_address>
         <size>0x2</size>
      </object_component>
      <object_component id="oc-865">
         <name>.common:BTN00_E32_Tuning</name>
         <uninitialized>true</uninitialized>
         <run_address>0x2b6c</run_address>
         <size>0x4</size>
      </object_component>
      <object_component id="oc-86a">
         <name>.common:BTN00_E33_RawCnts</name>
         <uninitialized>true</uninitialized>
         <run_address>0x2c38</run_address>
         <size>0x2</size>
      </object_component>
      <object_component id="oc-869">
         <name>.common:BTN00_E33_Tuning</name>
         <uninitialized>true</uninitialized>
         <run_address>0x2b70</run_address>
         <size>0x4</size>
      </object_component>
      <object_component id="oc-86e">
         <name>.common:BTN00_E34_RawCnts</name>
         <uninitialized>true</uninitialized>
         <run_address>0x2c3a</run_address>
         <size>0x2</size>
      </object_component>
      <object_component id="oc-86d">
         <name>.common:BTN00_E34_Tuning</name>
         <uninitialized>true</uninitialized>
         <run_address>0x2b74</run_address>
         <size>0x4</size>
      </object_component>
      <object_component id="oc-872">
         <name>.common:BTN00_E35_RawCnts</name>
         <uninitialized>true</uninitialized>
         <run_address>0x2c3c</run_address>
         <size>0x2</size>
      </object_component>
      <object_component id="oc-871">
         <name>.common:BTN00_E35_Tuning</name>
         <uninitialized>true</uninitialized>
         <run_address>0x2b78</run_address>
         <size>0x4</size>
      </object_component>
      <object_component id="oc-876">
         <name>.common:BTN00_E36_RawCnts</name>
         <uninitialized>true</uninitialized>
         <run_address>0x2c3e</run_address>
         <size>0x2</size>
      </object_component>
      <object_component id="oc-875">
         <name>.common:BTN00_E36_Tuning</name>
         <uninitialized>true</uninitialized>
         <run_address>0x2b7c</run_address>
         <size>0x4</size>
      </object_component>
      <object_component id="oc-87a">
         <name>.common:BTN00_E37_RawCnts</name>
         <uninitialized>true</uninitialized>
         <run_address>0x2c40</run_address>
         <size>0x2</size>
      </object_component>
      <object_component id="oc-879">
         <name>.common:BTN00_E37_Tuning</name>
         <uninitialized>true</uninitialized>
         <run_address>0x2b80</run_address>
         <size>0x4</size>
      </object_component>
      <object_component id="oc-87e">
         <name>.common:BTN00_E38_RawCnts</name>
         <uninitialized>true</uninitialized>
         <run_address>0x2c42</run_address>
         <size>0x2</size>
      </object_component>
      <object_component id="oc-87d">
         <name>.common:BTN00_E38_Tuning</name>
         <uninitialized>true</uninitialized>
         <run_address>0x2b84</run_address>
         <size>0x4</size>
      </object_component>
      <object_component id="oc-882">
         <name>.common:BTN00_E39_RawCnts</name>
         <uninitialized>true</uninitialized>
         <run_address>0x2c44</run_address>
         <size>0x2</size>
      </object_component>
      <object_component id="oc-881">
         <name>.common:BTN00_E39_Tuning</name>
         <uninitialized>true</uninitialized>
         <run_address>0x2b88</run_address>
         <size>0x4</size>
      </object_component>
      <object_component id="oc-886">
         <name>.common:BTN00_E40_RawCnts</name>
         <uninitialized>true</uninitialized>
         <run_address>0x2c46</run_address>
         <size>0x2</size>
      </object_component>
      <object_component id="oc-885">
         <name>.common:BTN00_E40_Tuning</name>
         <uninitialized>true</uninitialized>
         <run_address>0x2b8c</run_address>
         <size>0x4</size>
      </object_component>
      <object_component id="oc-88a">
         <name>.common:BTN00_E41_RawCnts</name>
         <uninitialized>true</uninitialized>
         <run_address>0x2c48</run_address>
         <size>0x2</size>
      </object_component>
      <object_component id="oc-889">
         <name>.common:BTN00_E41_Tuning</name>
         <uninitialized>true</uninitialized>
         <run_address>0x2b90</run_address>
         <size>0x4</size>
      </object_component>
      <object_component id="oc-88e">
         <name>.common:BTN00_E42_RawCnts</name>
         <uninitialized>true</uninitialized>
         <run_address>0x2c4a</run_address>
         <size>0x2</size>
      </object_component>
      <object_component id="oc-88d">
         <name>.common:BTN00_E42_Tuning</name>
         <uninitialized>true</uninitialized>
         <run_address>0x2b94</run_address>
         <size>0x4</size>
      </object_component>
      <object_component id="oc-892">
         <name>.common:BTN00_E43_RawCnts</name>
         <uninitialized>true</uninitialized>
         <run_address>0x2c4c</run_address>
         <size>0x2</size>
      </object_component>
      <object_component id="oc-891">
         <name>.common:BTN00_E43_Tuning</name>
         <uninitialized>true</uninitialized>
         <run_address>0x2b98</run_address>
         <size>0x4</size>
      </object_component>
      <object_component id="oc-896">
         <name>.common:BTN00_E44_RawCnts</name>
         <uninitialized>true</uninitialized>
         <run_address>0x2c4e</run_address>
         <size>0x2</size>
      </object_component>
      <object_component id="oc-895">
         <name>.common:BTN00_E44_Tuning</name>
         <uninitialized>true</uninitialized>
         <run_address>0x2b9c</run_address>
         <size>0x4</size>
      </object_component>
      <object_component id="oc-89a">
         <name>.common:BTN00_E45_RawCnts</name>
         <uninitialized>true</uninitialized>
         <run_address>0x2c50</run_address>
         <size>0x2</size>
      </object_component>
      <object_component id="oc-899">
         <name>.common:BTN00_E45_Tuning</name>
         <uninitialized>true</uninitialized>
         <run_address>0x2ba0</run_address>
         <size>0x4</size>
      </object_component>
      <object_component id="oc-89e">
         <name>.common:BTN00_E46_RawCnts</name>
         <uninitialized>true</uninitialized>
         <run_address>0x2c52</run_address>
         <size>0x2</size>
      </object_component>
      <object_component id="oc-89d">
         <name>.common:BTN00_E46_Tuning</name>
         <uninitialized>true</uninitialized>
         <run_address>0x2ba4</run_address>
         <size>0x4</size>
      </object_component>
      <object_component id="oc-8a2">
         <name>.common:BTN00_E47_RawCnts</name>
         <uninitialized>true</uninitialized>
         <run_address>0x2c54</run_address>
         <size>0x2</size>
      </object_component>
      <object_component id="oc-8a1">
         <name>.common:BTN00_E47_Tuning</name>
         <uninitialized>true</uninitialized>
         <run_address>0x2ba8</run_address>
         <size>0x4</size>
      </object_component>
      <object_component id="oc-8a6">
         <name>.common:BTN00_E48_RawCnts</name>
         <uninitialized>true</uninitialized>
         <run_address>0x2c56</run_address>
         <size>0x2</size>
      </object_component>
      <object_component id="oc-8a5">
         <name>.common:BTN00_E48_Tuning</name>
         <uninitialized>true</uninitialized>
         <run_address>0x2bac</run_address>
         <size>0x4</size>
      </object_component>
      <object_component id="oc-8aa">
         <name>.common:BTN00_E49_RawCnts</name>
         <uninitialized>true</uninitialized>
         <run_address>0x2c58</run_address>
         <size>0x2</size>
      </object_component>
      <object_component id="oc-8a9">
         <name>.common:BTN00_E49_Tuning</name>
         <uninitialized>true</uninitialized>
         <run_address>0x2bb0</run_address>
         <size>0x4</size>
      </object_component>
      <object_component id="oc-8ae">
         <name>.common:BTN00_E50_RawCnts</name>
         <uninitialized>true</uninitialized>
         <run_address>0x2c5a</run_address>
         <size>0x2</size>
      </object_component>
      <object_component id="oc-8ad">
         <name>.common:BTN00_E50_Tuning</name>
         <uninitialized>true</uninitialized>
         <run_address>0x2bb4</run_address>
         <size>0x4</size>
      </object_component>
      <object_component id="oc-8b2">
         <name>.common:BTN00_E51_RawCnts</name>
         <uninitialized>true</uninitialized>
         <run_address>0x2c5c</run_address>
         <size>0x2</size>
      </object_component>
      <object_component id="oc-8b1">
         <name>.common:BTN00_E51_Tuning</name>
         <uninitialized>true</uninitialized>
         <run_address>0x2bb8</run_address>
         <size>0x4</size>
      </object_component>
      <object_component id="oc-8b6">
         <name>.common:BTN00_E52_RawCnts</name>
         <uninitialized>true</uninitialized>
         <run_address>0x2c5e</run_address>
         <size>0x2</size>
      </object_component>
      <object_component id="oc-8b5">
         <name>.common:BTN00_E52_Tuning</name>
         <uninitialized>true</uninitialized>
         <run_address>0x2bbc</run_address>
         <size>0x4</size>
      </object_component>
      <object_component id="oc-8ba">
         <name>.common:BTN00_E53_RawCnts</name>
         <uninitialized>true</uninitialized>
         <run_address>0x2c60</run_address>
         <size>0x2</size>
      </object_component>
      <object_component id="oc-8b9">
         <name>.common:BTN00_E53_Tuning</name>
         <uninitialized>true</uninitialized>
         <run_address>0x2bc0</run_address>
         <size>0x4</size>
      </object_component>
      <object_component id="oc-8be">
         <name>.common:BTN00_E54_RawCnts</name>
         <uninitialized>true</uninitialized>
         <run_address>0x2c62</run_address>
         <size>0x2</size>
      </object_component>
      <object_component id="oc-8bd">
         <name>.common:BTN00_E54_Tuning</name>
         <uninitialized>true</uninitialized>
         <run_address>0x2bc4</run_address>
         <size>0x4</size>
      </object_component>
      <object_component id="oc-8c2">
         <name>.common:BTN00_E55_RawCnts</name>
         <uninitialized>true</uninitialized>
         <run_address>0x2c64</run_address>
         <size>0x2</size>
      </object_component>
      <object_component id="oc-8c1">
         <name>.common:BTN00_E55_Tuning</name>
         <uninitialized>true</uninitialized>
         <run_address>0x2bc8</run_address>
         <size>0x4</size>
      </object_component>
      <object_component id="oc-8c6">
         <name>.common:BTN00_E56_RawCnts</name>
         <uninitialized>true</uninitialized>
         <run_address>0x2c66</run_address>
         <size>0x2</size>
      </object_component>
      <object_component id="oc-8c5">
         <name>.common:BTN00_E56_Tuning</name>
         <uninitialized>true</uninitialized>
         <run_address>0x2bcc</run_address>
         <size>0x4</size>
      </object_component>
      <object_component id="oc-8ca">
         <name>.common:BTN00_E57_RawCnts</name>
         <uninitialized>true</uninitialized>
         <run_address>0x2c68</run_address>
         <size>0x2</size>
      </object_component>
      <object_component id="oc-8c9">
         <name>.common:BTN00_E57_Tuning</name>
         <uninitialized>true</uninitialized>
         <run_address>0x2bd0</run_address>
         <size>0x4</size>
      </object_component>
      <object_component id="oc-8ce">
         <name>.common:BTN00_E58_RawCnts</name>
         <uninitialized>true</uninitialized>
         <run_address>0x2c6a</run_address>
         <size>0x2</size>
      </object_component>
      <object_component id="oc-8cd">
         <name>.common:BTN00_E58_Tuning</name>
         <uninitialized>true</uninitialized>
         <run_address>0x2bd4</run_address>
         <size>0x4</size>
      </object_component>
      <object_component id="oc-8d2">
         <name>.common:BTN00_E59_RawCnts</name>
         <uninitialized>true</uninitialized>
         <run_address>0x2c6c</run_address>
         <size>0x2</size>
      </object_component>
      <object_component id="oc-8d1">
         <name>.common:BTN00_E59_Tuning</name>
         <uninitialized>true</uninitialized>
         <run_address>0x2bd8</run_address>
         <size>0x4</size>
      </object_component>
      <object_component id="oc-8d6">
         <name>.common:BTN00_E60_RawCnts</name>
         <uninitialized>true</uninitialized>
         <run_address>0x2c6e</run_address>
         <size>0x2</size>
      </object_component>
      <object_component id="oc-8d5">
         <name>.common:BTN00_E60_Tuning</name>
         <uninitialized>true</uninitialized>
         <run_address>0x2bdc</run_address>
         <size>0x4</size>
      </object_component>
      <object_component id="oc-8da">
         <name>.common:BTN00_E61_RawCnts</name>
         <uninitialized>true</uninitialized>
         <run_address>0x2c70</run_address>
         <size>0x2</size>
      </object_component>
      <object_component id="oc-8d9">
         <name>.common:BTN00_E61_Tuning</name>
         <uninitialized>true</uninitialized>
         <run_address>0x2be0</run_address>
         <size>0x4</size>
      </object_component>
      <object_component id="oc-8de">
         <name>.common:BTN00_E62_RawCnts</name>
         <uninitialized>true</uninitialized>
         <run_address>0x2c72</run_address>
         <size>0x2</size>
      </object_component>
      <object_component id="oc-8dd">
         <name>.common:BTN00_E62_Tuning</name>
         <uninitialized>true</uninitialized>
         <run_address>0x2be4</run_address>
         <size>0x4</size>
      </object_component>
      <object_component id="oc-8e2">
         <name>.common:BTN00_E63_RawCnts</name>
         <uninitialized>true</uninitialized>
         <run_address>0x2c74</run_address>
         <size>0x2</size>
      </object_component>
      <object_component id="oc-8e1">
         <name>.common:BTN00_E63_Tuning</name>
         <uninitialized>true</uninitialized>
         <run_address>0x2be8</run_address>
         <size>0x4</size>
      </object_component>
      <object_component id="oc-66e">
         <name>.common:BTN00_Params</name>
         <uninitialized>true</uninitialized>
         <run_address>0x2ad4</run_address>
         <size>0xa</size>
      </object_component>
      <object_component id="oc-55d">
         <name>.data</name>
         <load_address>0x295c</load_address>
         <run_address>0x295c</run_address>
         <size>0x1</size>
         <input_file_ref idref="fl-9"/>
      </object_component>
      <object_component id="oc-4e3">
         <name>.data:BTN00_E00</name>
         <load_address>0x2064</load_address>
         <run_address>0x2064</run_address>
         <size>0x1e</size>
         <input_file_ref idref="fl-b"/>
      </object_component>
      <object_component id="oc-70c">
         <name>.data:BTN00_E01</name>
         <load_address>0x2082</load_address>
         <run_address>0x2082</run_address>
         <size>0x1e</size>
         <input_file_ref idref="fl-b"/>
      </object_component>
      <object_component id="oc-70f">
         <name>.data:BTN00_E02</name>
         <load_address>0x20a0</load_address>
         <run_address>0x20a0</run_address>
         <size>0x1e</size>
         <input_file_ref idref="fl-b"/>
      </object_component>
      <object_component id="oc-712">
         <name>.data:BTN00_E03</name>
         <load_address>0x20be</load_address>
         <run_address>0x20be</run_address>
         <size>0x1e</size>
         <input_file_ref idref="fl-b"/>
      </object_component>
      <object_component id="oc-717">
         <name>.data:BTN00_E04</name>
         <load_address>0x20dc</load_address>
         <run_address>0x20dc</run_address>
         <size>0x1e</size>
         <input_file_ref idref="fl-b"/>
      </object_component>
      <object_component id="oc-71a">
         <name>.data:BTN00_E05</name>
         <load_address>0x20fa</load_address>
         <run_address>0x20fa</run_address>
         <size>0x1e</size>
         <input_file_ref idref="fl-b"/>
      </object_component>
      <object_component id="oc-71d">
         <name>.data:BTN00_E06</name>
         <load_address>0x2118</load_address>
         <run_address>0x2118</run_address>
         <size>0x1e</size>
         <input_file_ref idref="fl-b"/>
      </object_component>
      <object_component id="oc-720">
         <name>.data:BTN00_E07</name>
         <load_address>0x2136</load_address>
         <run_address>0x2136</run_address>
         <size>0x1e</size>
         <input_file_ref idref="fl-b"/>
      </object_component>
      <object_component id="oc-725">
         <name>.data:BTN00_E08</name>
         <load_address>0x2154</load_address>
         <run_address>0x2154</run_address>
         <size>0x1e</size>
         <input_file_ref idref="fl-b"/>
      </object_component>
      <object_component id="oc-728">
         <name>.data:BTN00_E09</name>
         <load_address>0x2172</load_address>
         <run_address>0x2172</run_address>
         <size>0x1e</size>
         <input_file_ref idref="fl-b"/>
      </object_component>
      <object_component id="oc-72b">
         <name>.data:BTN00_E10</name>
         <load_address>0x2190</load_address>
         <run_address>0x2190</run_address>
         <size>0x1e</size>
         <input_file_ref idref="fl-b"/>
      </object_component>
      <object_component id="oc-72e">
         <name>.data:BTN00_E11</name>
         <load_address>0x21ae</load_address>
         <run_address>0x21ae</run_address>
         <size>0x1e</size>
         <input_file_ref idref="fl-b"/>
      </object_component>
      <object_component id="oc-733">
         <name>.data:BTN00_E12</name>
         <load_address>0x21cc</load_address>
         <run_address>0x21cc</run_address>
         <size>0x1e</size>
         <input_file_ref idref="fl-b"/>
      </object_component>
      <object_component id="oc-736">
         <name>.data:BTN00_E13</name>
         <load_address>0x21ea</load_address>
         <run_address>0x21ea</run_address>
         <size>0x1e</size>
         <input_file_ref idref="fl-b"/>
      </object_component>
      <object_component id="oc-739">
         <name>.data:BTN00_E14</name>
         <load_address>0x2208</load_address>
         <run_address>0x2208</run_address>
         <size>0x1e</size>
         <input_file_ref idref="fl-b"/>
      </object_component>
      <object_component id="oc-73c">
         <name>.data:BTN00_E15</name>
         <load_address>0x2226</load_address>
         <run_address>0x2226</run_address>
         <size>0x1e</size>
         <input_file_ref idref="fl-b"/>
      </object_component>
      <object_component id="oc-741">
         <name>.data:BTN00_E16</name>
         <load_address>0x2244</load_address>
         <run_address>0x2244</run_address>
         <size>0x1e</size>
         <input_file_ref idref="fl-b"/>
      </object_component>
      <object_component id="oc-744">
         <name>.data:BTN00_E17</name>
         <load_address>0x2262</load_address>
         <run_address>0x2262</run_address>
         <size>0x1e</size>
         <input_file_ref idref="fl-b"/>
      </object_component>
      <object_component id="oc-747">
         <name>.data:BTN00_E18</name>
         <load_address>0x2280</load_address>
         <run_address>0x2280</run_address>
         <size>0x1e</size>
         <input_file_ref idref="fl-b"/>
      </object_component>
      <object_component id="oc-74a">
         <name>.data:BTN00_E19</name>
         <load_address>0x229e</load_address>
         <run_address>0x229e</run_address>
         <size>0x1e</size>
         <input_file_ref idref="fl-b"/>
      </object_component>
      <object_component id="oc-74f">
         <name>.data:BTN00_E20</name>
         <load_address>0x22bc</load_address>
         <run_address>0x22bc</run_address>
         <size>0x1e</size>
         <input_file_ref idref="fl-b"/>
      </object_component>
      <object_component id="oc-752">
         <name>.data:BTN00_E21</name>
         <load_address>0x22da</load_address>
         <run_address>0x22da</run_address>
         <size>0x1e</size>
         <input_file_ref idref="fl-b"/>
      </object_component>
      <object_component id="oc-755">
         <name>.data:BTN00_E22</name>
         <load_address>0x22f8</load_address>
         <run_address>0x22f8</run_address>
         <size>0x1e</size>
         <input_file_ref idref="fl-b"/>
      </object_component>
      <object_component id="oc-758">
         <name>.data:BTN00_E23</name>
         <load_address>0x2316</load_address>
         <run_address>0x2316</run_address>
         <size>0x1e</size>
         <input_file_ref idref="fl-b"/>
      </object_component>
      <object_component id="oc-75d">
         <name>.data:BTN00_E24</name>
         <load_address>0x2334</load_address>
         <run_address>0x2334</run_address>
         <size>0x1e</size>
         <input_file_ref idref="fl-b"/>
      </object_component>
      <object_component id="oc-760">
         <name>.data:BTN00_E25</name>
         <load_address>0x2352</load_address>
         <run_address>0x2352</run_address>
         <size>0x1e</size>
         <input_file_ref idref="fl-b"/>
      </object_component>
      <object_component id="oc-763">
         <name>.data:BTN00_E26</name>
         <load_address>0x2370</load_address>
         <run_address>0x2370</run_address>
         <size>0x1e</size>
         <input_file_ref idref="fl-b"/>
      </object_component>
      <object_component id="oc-766">
         <name>.data:BTN00_E27</name>
         <load_address>0x238e</load_address>
         <run_address>0x238e</run_address>
         <size>0x1e</size>
         <input_file_ref idref="fl-b"/>
      </object_component>
      <object_component id="oc-76b">
         <name>.data:BTN00_E28</name>
         <load_address>0x23ac</load_address>
         <run_address>0x23ac</run_address>
         <size>0x1e</size>
         <input_file_ref idref="fl-b"/>
      </object_component>
      <object_component id="oc-76e">
         <name>.data:BTN00_E29</name>
         <load_address>0x23ca</load_address>
         <run_address>0x23ca</run_address>
         <size>0x1e</size>
         <input_file_ref idref="fl-b"/>
      </object_component>
      <object_component id="oc-771">
         <name>.data:BTN00_E30</name>
         <load_address>0x23e8</load_address>
         <run_address>0x23e8</run_address>
         <size>0x1e</size>
         <input_file_ref idref="fl-b"/>
      </object_component>
      <object_component id="oc-774">
         <name>.data:BTN00_E31</name>
         <load_address>0x2406</load_address>
         <run_address>0x2406</run_address>
         <size>0x1e</size>
         <input_file_ref idref="fl-b"/>
      </object_component>
      <object_component id="oc-779">
         <name>.data:BTN00_E32</name>
         <load_address>0x2424</load_address>
         <run_address>0x2424</run_address>
         <size>0x1e</size>
         <input_file_ref idref="fl-b"/>
      </object_component>
      <object_component id="oc-77c">
         <name>.data:BTN00_E33</name>
         <load_address>0x2442</load_address>
         <run_address>0x2442</run_address>
         <size>0x1e</size>
         <input_file_ref idref="fl-b"/>
      </object_component>
      <object_component id="oc-77f">
         <name>.data:BTN00_E34</name>
         <load_address>0x2460</load_address>
         <run_address>0x2460</run_address>
         <size>0x1e</size>
         <input_file_ref idref="fl-b"/>
      </object_component>
      <object_component id="oc-782">
         <name>.data:BTN00_E35</name>
         <load_address>0x247e</load_address>
         <run_address>0x247e</run_address>
         <size>0x1e</size>
         <input_file_ref idref="fl-b"/>
      </object_component>
      <object_component id="oc-787">
         <name>.data:BTN00_E36</name>
         <load_address>0x249c</load_address>
         <run_address>0x249c</run_address>
         <size>0x1e</size>
         <input_file_ref idref="fl-b"/>
      </object_component>
      <object_component id="oc-78a">
         <name>.data:BTN00_E37</name>
         <load_address>0x24ba</load_address>
         <run_address>0x24ba</run_address>
         <size>0x1e</size>
         <input_file_ref idref="fl-b"/>
      </object_component>
[...]
         <value>0x23ac</value>
         <object_component_ref idref="oc-76b"/>
      </symbol>
      <symbol id="sm-7fb">
         <name>BTN00_E29</name>
         <value>0x23ca</value>
         <object_component_ref idref="oc-76e"/>
      </symbol>
      <symbol id="sm-7fc">
         <name>BTN00_E24</name>
         <value>0x2334</value>
         <object_component_ref idref="oc-75d"/>
      </symbol>
      <symbol id="sm-7fd">
         <name>BTN00_E25</name>
         <value>0x2352</value>
         <object_component_ref idref="oc-760"/>
      </symbol>
      <symbol id="sm-7fe">
         <name>BTN00_E26</name>
         <value>0x2370</value>
         <object_component_ref idref="oc-763"/>
      </symbol>
      <symbol id="sm-7ff">
         <name>BTN00_E27</name>
         <value>0x238e</value>
         <object_component_ref idref="oc-766"/>
      </symbol>
      <symbol id="sm-800">
         <name>BTN00_E20</name>
         <value>0x22bc</value>
         <object_component_ref idref="oc-74f"/>
      </symbol>
      <symbol id="sm-801">
         <name>BTN00_E21</name>
         <value>0x22da</value>
         <object_component_ref idref="oc-752"/>
      </symbol>
      <symbol id="sm-802">
         <name>BTN00_E22</name>
         <value>0x22f8</value>
         <object_component_ref idref="oc-755"/>
      </symbol>
      <symbol id="sm-803">
         <name>BTN00_E23</name>
         <value>0x2316</value>
         <object_component_ref idref="oc-758"/>
      </symbol>
      <symbol id="sm-804">
         <name>BTN00_E38</name>
         <value>0x24d8</value>
         <object_component_ref idref="oc-78d"/>
      </symbol>
      <symbol id="sm-805">
         <name>BTN00_E39</name>
         <value>0x24f6</value>
         <object_component_ref idref="oc-790"/>
      </symbol>
      <symbol id="sm-806">
         <name>BTN00_E34</name>
         <value>0x2460</value>
         <object_component_ref idref="oc-77f"/>
      </symbol>
      <symbol id="sm-807">
         <name>BTN00_E35</name>
         <value>0x247e</value>
         <object_component_ref idref="oc-782"/>
      </symbol>
      <symbol id="sm-808">
         <name>BTN00_E36</name>
         <value>0x249c</value>
         <object_component_ref idref="oc-787"/>
      </symbol>
      <symbol id="sm-809">
         <name>BTN00_E37</name>
         <value>0x24ba</value>
         <object_component_ref idref="oc-78a"/>
      </symbol>
      <symbol id="sm-80a">
         <name>BTN00_E30</name>
         <value>0x23e8</value>
         <object_component_ref idref="oc-771"/>
      </symbol>
      <symbol id="sm-80b">
         <name>BTN00_E31</name>
         <value>0x2406</value>
         <object_component_ref idref="oc-774"/>
      </symbol>
      <symbol id="sm-80c">
         <name>BTN00_E32</name>
         <value>0x2424</value>
         <object_component_ref idref="oc-779"/>
      </symbol>
      <symbol id="sm-80d">
         <name>BTN00_E33</name>
         <value>0x2442</value>
         <object_component_ref idref="oc-77c"/>
      </symbol>
      <symbol id="sm-80e">
         <name>BTN00_C14_Elements</name>
         <value>0x28c4</value>
         <object_component_ref idref="oc-701"/>
      </symbol>
      <symbol id="sm-80f">
         <name>BTN00_C12_Elements</name>
         <value>0x28a4</value>
         <object_component_ref idref="oc-6f7"/>
      </symbol>
      <symbol id="sm-810">
         <name>BTN00_C10_Elements</name>
         <value>0x2884</value>
         <object_component_ref idref="oc-6ed"/>
      </symbol>
      <symbol id="sm-811">
         <name>BTN00_C06_Elements</name>
         <value>0x2844</value>
         <object_component_ref idref="oc-6d9"/>
      </symbol>
      <symbol id="sm-812">
         <name>BTN00_C04_Elements</name>
         <value>0x2824</value>
         <object_component_ref idref="oc-6cf"/>
      </symbol>
      <symbol id="sm-813">
         <name>BTN00_C02_Elements</name>
         <value>0x2804</value>
         <object_component_ref idref="oc-6c5"/>
      </symbol>
      <symbol id="sm-814">
         <name>BTN00_C00_Elements</name>
         <value>0x27e4</value>
         <object_component_ref idref="oc-6bb"/>
      </symbol>
      <symbol id="sm-815">
         <name>BTN00_C08_Elements</name>
         <value>0x2864</value>
         <object_component_ref idref="oc-6e3"/>
      </symbol>
      <symbol id="sm-816">
         <name>g_pCaptivateSensorArray</name>
         <value>0x2958</value>
         <object_component_ref idref="oc-5b7"/>
      </symbol>
      <symbol id="sm-817">
         <name>BTN00_C08</name>
         <value>0x2924</value>
         <object_component_ref idref="oc-69e"/>
      </symbol>
      <symbol id="sm-818">
         <name>BTN00_C09</name>
         <value>0x292a</value>
         <object_component_ref idref="oc-6a1"/>
      </symbol>
      <symbol id="sm-819">
         <name>BTN00_C04</name>
         <value>0x290c</value>
         <object_component_ref idref="oc-692"/>
      </symbol>
      <symbol id="sm-81a">
         <name>BTN00_C05</name>
         <value>0x2912</value>
         <object_component_ref idref="oc-695"/>
      </symbol>
      <symbol id="sm-81b">
         <name>BTN00_C06</name>
         <value>0x2918</value>
         <object_component_ref idref="oc-698"/>
      </symbol>
      <symbol id="sm-81c">
         <name>BTN00_C07</name>
         <value>0x291e</value>
         <object_component_ref idref="oc-69b"/>
      </symbol>
      <symbol id="sm-81d">
         <name>BTN00_C00</name>
         <value>0x28f4</value>
         <object_component_ref idref="oc-686"/>
      </symbol>
      <symbol id="sm-81e">
         <name>BTN00_C01</name>
         <value>0x28fa</value>
         <object_component_ref idref="oc-689"/>
      </symbol>
      <symbol id="sm-81f">
         <name>BTN00_C02</name>
         <value>0x2900</value>
         <object_component_ref idref="oc-68c"/>
      </symbol>
      <symbol id="sm-820">
         <name>BTN00_C03</name>
         <value>0x2906</value>
         <object_component_ref idref="oc-68f"/>
      </symbol>
      <symbol id="sm-821">
         <name>BTN00_C14</name>
         <value>0x2948</value>
         <object_component_ref idref="oc-6b0"/>
      </symbol>
      <symbol id="sm-822">
         <name>BTN00_C15</name>
         <value>0x294e</value>
         <object_component_ref idref="oc-6b3"/>
      </symbol>
      <symbol id="sm-823">
         <name>BTN00_C10</name>
         <value>0x2930</value>
         <object_component_ref idref="oc-6a4"/>
      </symbol>
      <symbol id="sm-824">
         <name>BTN00_C11</name>
         <value>0x2936</value>
         <object_component_ref idref="oc-6a7"/>
      </symbol>
      <symbol id="sm-825">
         <name>BTN00_C12</name>
         <value>0x293c</value>
         <object_component_ref idref="oc-6aa"/>
      </symbol>
      <symbol id="sm-826">
         <name>BTN00_C13</name>
         <value>0x2942</value>
         <object_component_ref idref="oc-6ad"/>
      </symbol>
      <symbol id="sm-827">
         <name>g_uiApp</name>
         <value>0x28e4</value>
         <object_component_ref idref="oc-541"/>
      </symbol>
      <symbol id="sm-828">
         <name>BTN00</name>
         <value>0x2040</value>
         <object_component_ref idref="oc-62a"/>
      </symbol>
      <symbol id="sm-83a">
         <name>CAPT_getChecksum</name>
         <value>0x1158a</value>
         <object_component_ref idref="oc-5ee"/>
      </symbol>
      <symbol id="sm-83b">
         <name>CAPT_accessSpecialSensorParameter</name>
         <value>0x108b2</value>
         <object_component_ref idref="oc-5ea"/>
      </symbol>
      <symbol id="sm-871">
         <name>CAPT_calibrateOffset</name>
         <value>0x10528</value>
         <object_component_ref idref="oc-647"/>
      </symbol>
      <symbol id="sm-872">
         <name>CAPT_calibrateSensor</name>
         <value>0x11310</value>
         <object_component_ref idref="oc-5c8"/>
      </symbol>
      <symbol id="sm-873">
         <name>CAPT_calibrateBiasCurrentTrim</name>
         <value>0x10000</value>
         <object_component_ref idref="oc-646"/>
      </symbol>
      <symbol id="sm-87f">
         <name>CAPT_getInterruptVector</name>
         <value>0x11660</value>
         <object_component_ref idref="oc-461"/>
      </symbol>
      <symbol id="sm-880">
         <name>CAPT_getInputImpedanceBiasCurrent</name>
         <value>0x11630</value>
         <object_component_ref idref="oc-644"/>
      </symbol>
      <symbol id="sm-881">
         <name>CAPT_selectInputImpedanceBiasCurrentTrim</name>
         <value>0x111f4</value>
         <object_component_ref idref="oc-64a"/>
      </symbol>
      <symbol id="sm-882">
         <name>CAPT_selectElectrodeChargeVoltageSource</name>
         <value>0x11624</value>
         <object_component_ref idref="oc-5be"/>
      </symbol>
      <symbol id="sm-883">
         <name>CAPT_init</name>
         <value>0x11522</value>
         <object_component_ref idref="oc-5bc"/>
      </symbol>
      <symbol id="sm-884">
         <name>CAPT_clearInputImpedanceBiasCurrent</name>
         <value>0x11658</value>
         <object_component_ref idref="oc-645"/>
      </symbol>
      <symbol id="sm-885">
         <name>CAPT_selectInputImpedanceBiasCurrent</name>
         <value>0x115a6</value>
         <object_component_ref idref="oc-5bd"/>
      </symbol>
      <symbol id="sm-8ad">
         <name>CAPT_updateSensor</name>
         <value>0x102f4</value>
         <object_component_ref idref="oc-5ca"/>
      </symbol>
      <symbol id="sm-8ae">
         <name>CAPT_processSensor</name>
         <value>0x1102a</value>
         <object_component_ref idref="oc-649"/>
      </symbol>
      <symbol id="sm-8af">
         <name>CAPT_initSensor</name>
         <value>0x10d7e</value>
         <object_component_ref idref="oc-5bf"/>
      </symbol>
      <symbol id="sm-8b0">
         <name>CAPT_preProcessSlider</name>
         <value>0x111a6</value>
         <object_component_ref idref="oc-680"/>
      </symbol>
      <symbol id="sm-8b1">
         <name>CAPT_processFSMCycle</name>
         <value>0x10fc0</value>
         <object_component_ref idref="oc-648"/>
      </symbol>
      <symbol id="sm-8b2">
         <name>CAPT_testForNegativeTouchRecalibration</name>
         <value>0x115c0</value>
         <object_component_ref idref="oc-5d8"/>
      </symbol>
      <symbol id="sm-8b3">
         <name>CAPT_testForMaxCountRecalibration</name>
         <value>0x1156a</value>
         <object_component_ref idref="oc-5d7"/>
      </symbol>
      <symbol id="sm-8bf">
         <name>CAPT_isByteQueueFull</name>
         <value>0x114ae</value>
         <object_component_ref idref="oc-70b"/>
      </symbol>
      <symbol id="sm-8c0">
         <name>CAPT_pushOntoByteQueue</name>
         <value>0x110f6</value>
         <object_component_ref idref="oc-6b8"/>
      </symbol>
      <symbol id="sm-8d5">
         <name>CS_initFLL</name>
         <value>0x10ae8</value>
         <object_component_ref idref="oc-53f"/>
      </symbol>
      <symbol id="sm-8d6">
         <name>CS_setExternalClockSource</name>
         <value>0x1163a</value>
         <object_component_ref idref="oc-53d"/>
      </symbol>
      <symbol id="sm-8d7">
         <name>CS_turnOnXT1LFWithTimeout</name>
         <value>0x1134e</value>
         <object_component_ref idref="oc-53e"/>
      </symbol>
      <symbol id="sm-8da">
         <name>FRAMCtl_configureWaitStateControl</name>
         <value>0x115d8</value>
         <object_component_ref idref="oc-53c"/>
      </symbol>
      <symbol id="sm-902">
         <name>__TI_decompress_lzss</name>
         <value>0x10e6e</value>
         <object_component_ref idref="oc-6a"/>
      </symbol>
      <symbol id="sm-913">
         <name>__TI_decompress_none</name>
         <value>0x115ee</value>
         <object_component_ref idref="oc-70"/>
      </symbol>
      <symbol id="sm-916">
         <name>__TI_int20</name>
         <value>0xffca</value>
         <object_component_ref idref="oc-77"/>
      </symbol>
      <symbol id="sm-91e">
         <name>__TI_ISR_TRAP</name>
         <value>0x857c</value>
         <object_component_ref idref="oc-403"/>
      </symbol>
      <symbol id="sm-921">
         <name>__TI_int21</name>
         <value>0xffcc</value>
         <object_component_ref idref="oc-78"/>
      </symbol>
      <symbol id="sm-924">
         <name>__TI_int22</name>
         <value>0xffce</value>
         <object_component_ref idref="oc-79"/>
      </symbol>
      <symbol id="sm-927">
         <name>__TI_int23</name>
         <value>0xffd0</value>
         <object_component_ref idref="oc-7a"/>
      </symbol>
      <symbol id="sm-92a">
         <name>__TI_int24</name>
         <value>0xffd2</value>
         <object_component_ref idref="oc-7b"/>
      </symbol>
      <symbol id="sm-92d">
         <name>__TI_int25</name>
         <value>0xffd4</value>
         <object_component_ref idref="oc-7c"/>
      </symbol>
      <symbol id="sm-930">
         <name>__TI_int26</name>
         <value>0xffd6</value>
         <object_component_ref idref="oc-7d"/>
      </symbol>
      <symbol id="sm-933">
         <name>__TI_int27</name>
         <value>0xffd8</value>
         <object_component_ref idref="oc-7e"/>
      </symbol>
      <symbol id="sm-936">
         <name>__TI_int29</name>
         <value>0xffdc</value>
         <object_component_ref idref="oc-80"/>
      </symbol>
      <symbol id="sm-939">
         <name>__TI_int30</name>
         <value>0xffde</value>
         <object_component_ref idref="oc-81"/>
      </symbol>
      <symbol id="sm-93c">
         <name>__TI_int32</name>
         <value>0xffe2</value>
         <object_component_ref idref="oc-83"/>
      </symbol>
      <symbol id="sm-93f">
         <name>__TI_int33</name>
         <value>0xffe4</value>
         <object_component_ref idref="oc-84"/>
      </symbol>
      <symbol id="sm-942">
         <name>__TI_int34</name>
         <value>0xffe6</value>
         <object_component_ref idref="oc-85"/>
      </symbol>
      <symbol id="sm-945">
         <name>__TI_int35</name>
         <value>0xffe8</value>
         <object_component_ref idref="oc-86"/>
      </symbol>
      <symbol id="sm-948">
         <name>__TI_int36</name>
         <value>0xffea</value>
         <object_component_ref idref="oc-87"/>
      </symbol>
      <symbol id="sm-94b">
         <name>__TI_int37</name>
         <value>0xffec</value>
         <object_component_ref idref="oc-88"/>
      </symbol>
      <symbol id="sm-94e">
         <name>__TI_int38</name>
         <value>0xffee</value>
         <object_component_ref idref="oc-89"/>
      </symbol>
      <symbol id="sm-951">
         <name>__TI_int39</name>
         <value>0xfff0</value>
         <object_component_ref idref="oc-8a"/>
      </symbol>
      <symbol id="sm-954">
         <name>__TI_int40</name>
         <value>0xfff2</value>
         <object_component_ref idref="oc-8b"/>
      </symbol>
      <symbol id="sm-957">
         <name>__TI_int41</name>
         <value>0xfff4</value>
         <object_component_ref idref="oc-8c"/>
      </symbol>
      <symbol id="sm-95a">
         <name>__TI_int42</name>
         <value>0xfff6</value>
         <object_component_ref idref="oc-8d"/>
      </symbol>
      <symbol id="sm-95d">
         <name>__TI_int43</name>
         <value>0xfff8</value>
         <object_component_ref idref="oc-8e"/>
      </symbol>
      <symbol id="sm-960">
         <name>__TI_int44</name>
         <value>0xfffa</value>
         <object_component_ref idref="oc-8f"/>
      </symbol>
      <symbol id="sm-963">
         <name>__TI_int45</name>
         <value>0xfffc</value>
         <object_component_ref idref="oc-90"/>
      </symbol>
      <symbol id="sm-976">
         <name>__TI_zero_init_nomemset</name>
         <value>0x11546</value>
         <object_component_ref idref="oc-414"/>
      </symbol>
      <symbol id="sm-98b">
         <name>__mspabi_slli</name>
         <value>0x1164e</value>
         <object_component_ref idref="oc-681"/>
      </symbol>
      <symbol id="sm-9a0">
         <name>_c_int00_noargs_mpu</name>
         <value>0x855c</value>
         <object_component_ref idref="oc-43e"/>
      </symbol>
      <symbol id="sm-9a1">
         <name>_stack</name>
         <value>0x3f00</value>
         <object_component_ref idref="oc-3e1"/>
      </symbol>
      <symbol id="sm-9a2">
         <name>_reset_vector</name>
         <value>0xfffe</value>
         <object_component_ref idref="oc-3e4"/>
      </symbol>
      <symbol id="sm-9b0">
         <name>__mpu_init</name>
         <value>0x113ca</value>
         <object_component_ref idref="oc-49b"/>
      </symbol>
      <symbol id="sm-9d3">
         <name>__TI_auto_init_nobinit_nopinit_hold_wdt</name>
         <value>0x10df6</value>
         <object_component_ref idref="oc-511"/>
      </symbol>
      <symbol id="sm-9db">
         <name>__mspabi_sral_15</name>
         <value>0x1138c</value>
         <object_component_ref idref="oc-584"/>
      </symbol>
      <symbol id="sm-9dc">
         <name>__mspabi_sral_14</name>
         <value>0x11390</value>
         <object_component_ref idref="oc-584"/>
      </symbol>
      <symbol id="sm-9dd">
         <name>__mspabi_sral_13</name>
         <value>0x11394</value>
         <object_component_ref idref="oc-584"/>
      </symbol>
      <symbol id="sm-9de">
         <name>__mspabi_sral_12</name>
         <value>0x11398</value>
         <object_component_ref idref="oc-584"/>
      </symbol>
      <symbol id="sm-9df">
         <name>__mspabi_sral_11</name>
         <value>0x1139c</value>
         <object_component_ref idref="oc-584"/>
      </symbol>
      <symbol id="sm-9e0">
         <name>__mspabi_sral_10</name>
         <value>0x113a0</value>
         <object_component_ref idref="oc-584"/>
      </symbol>
      <symbol id="sm-9e1">
         <name>__mspabi_sral_8</name>
         <value>0x113a8</value>
         <object_component_ref idref="oc-584"/>
      </symbol>
      <symbol id="sm-9e2">
         <name>__mspabi_sral_9</name>
         <value>0x113a4</value>
         <object_component_ref idref="oc-584"/>
      </symbol>
      <symbol id="sm-9e3">
         <name>__mspabi_sral_6</name>
         <value>0x113b0</value>
         <object_component_ref idref="oc-584"/>
      </symbol>
      <symbol id="sm-9e4">
         <name>__mspabi_sral_7</name>
         <value>0x113ac</value>
         <object_component_ref idref="oc-584"/>
      </symbol>
      <symbol id="sm-9e5">
         <name>__mspabi_sral_4</name>
         <value>0x113b8</value>
         <object_component_ref idref="oc-584"/>
      </symbol>
      <symbol id="sm-9e6">
         <name>__mspabi_sral_5</name>
         <value>0x113b4</value>
         <object_component_ref idref="oc-584"/>
      </symbol>
      <symbol id="sm-9e7">
         <name>__mspabi_sral_2</name>
         <value>0x113c0</value>
         <object_component_ref idref="oc-584"/>
      </symbol>
      <symbol id="sm-9e8">
         <name>__mspabi_sral_3</name>
         <value>0x113bc</value>
         <object_component_ref idref="oc-584"/>
      </symbol>
      <symbol id="sm-9e9">
         <name>__mspabi_sral_1</name>
         <value>0x113c4</value>
         <object_component_ref idref="oc-584"/>
      </symbol>
      <symbol id="sm-9f2">
         <name>_system_post_cinit</name>
         <value>0x1166c</value>
         <object_component_ref idref="oc-589"/>
      </symbol>
      <symbol id="sm-9ff">
         <name>C$$EXIT</name>
         <value>0x11666</value>
         <object_component_ref idref="oc-4ed"/>
      </symbol>
      <symbol id="sm-a00">
         <name>abort</name>
         <value>0x11666</value>
         <object_component_ref idref="oc-4ed"/>
      </symbol>
      <symbol id="sm-a11">
         <name>memcpy</name>
         <value>0x11406</value>
         <object_component_ref idref="oc-3f0"/>
      </symbol>
   </symbol_table>
   <title>Link successful</title>
</link_info>
