******************************************************************************
                  MSP430 Linker PC v21.6.1                     
******************************************************************************
>> Linked Thu Jan  4 17:11:16 2024

OUTPUT FILE NAME:   <CapTest_Controller.out>
ENTRY POINT SYMBOL: "_c_int00_noargs_mpu"  address: 0000855e


MEMORY CONFIGURATION

         name            origin    length      used     unused   attr    fill
----------------------  --------  ---------  --------  --------  ----  --------
  TINYRAM               00000006   0000001a  00000000  0000001a  RWIX
  BSL0                  00001000   00000800  00000000  00000800  RWIX
  INFO                  00001800   00000200  00000000  00000200  RWIX
  TLVMEM                00001a00   00000200  00000000  00000200  RWIX
  BOOTCODE              00001c00   00000400  00000000  00000400  RWIX
  RAM                   00002000   00002000  00000d80  00001280  RWIX
  FRAM                  00008000   00007f80  00000586  000079fa  RWIX
  JTAGSIGNATURE         0000ff80   00000004  00000004  00000000  RWIX  ffff 
  BSLSIGNATURE          0000ff84   00000004  00000004  00000000  RWIX  ffff 
  BSLCONFIGURATIONSIGNA 0000ff88   00000002  00000002  00000000  RWIX  ffff 
  BSLCONFIGURATION      0000ff8a   00000002  00000002  00000000  RWIX  ffff 
  BSLI2CADDRESS         0000ffa0   00000002  00000002  00000000  RWIX  ffff 
  INT00                 0000ffa2   00000002  00000000  00000002  RWIX
  INT01                 0000ffa4   00000002  00000000  00000002  RWIX
  INT02                 0000ffa6   00000002  00000000  00000002  RWIX
  INT03                 0000ffa8   00000002  00000000  00000002  RWIX
  INT04                 0000ffaa   00000002  00000000  00000002  RWIX
  INT05                 0000ffac   00000002  00000000  00000002  RWIX
  INT06                 0000ffae   00000002  00000000  00000002  RWIX
  INT07                 0000ffb0   00000002  00000000  00000002  RWIX
  INT08                 0000ffb2   00000002  00000000  00000002  RWIX
  INT09                 0000ffb4   00000002  00000000  00000002  RWIX
  INT10                 0000ffb6   00000002  00000000  00000002  RWIX
  INT11                 0000ffb8   00000002  00000000  00000002  RWIX
  INT12                 0000ffba   00000002  00000000  00000002  RWIX
  INT13                 0000ffbc   00000002  00000000  00000002  RWIX
  INT14                 0000ffbe   00000002  00000000  00000002  RWIX
  INT15                 0000ffc0   00000002  00000000  00000002  RWIX
  INT16                 0000ffc2   00000002  00000000  00000002  RWIX
  INT17                 0000ffc4   00000002  00000000  00000002  RWIX
  INT18                 0000ffc6   00000002  00000000  00000002  RWIX
  INT19                 0000ffc8   00000002  00000002  00000000  RWIX
  INT20                 0000ffca   00000002  00000002  00000000  RWIX
  INT21                 0000ffcc   00000002  00000002  00000000  RWIX
  INT22                 0000ffce   00000002  00000002  00000000  RWIX
  INT23                 0000ffd0   00000002  00000002  00000000  RWIX
  INT24                 0000ffd2   00000002  00000002  00000000  RWIX
  INT25                 0000ffd4   00000002  00000002  00000000  RWIX
  INT26                 0000ffd6   00000002  00000002  00000000  RWIX
  INT27                 0000ffd8   00000002  00000002  00000000  RWIX
  INT28                 0000ffda   00000002  00000002  00000000  RWIX
  INT29                 0000ffdc   00000002  00000002  00000000  RWIX
  INT30                 0000ffde   00000002  00000002  00000000  RWIX
  INT31                 0000ffe0   00000002  00000002  00000000  RWIX
  INT32                 0000ffe2   00000002  00000002  00000000  RWIX
  INT33                 0000ffe4   00000002  00000002  00000000  RWIX
  INT34                 0000ffe6   00000002  00000002  00000000  RWIX
  INT35                 0000ffe8   00000002  00000002  00000000  RWIX
  INT36                 0000ffea   00000002  00000002  00000000  RWIX
  INT37                 0000ffec   00000002  00000002  00000000  RWIX
  INT38                 0000ffee   00000002  00000002  00000000  RWIX
  INT39                 0000fff0   00000002  00000002  00000000  RWIX
  INT40                 0000fff2   00000002  00000002  00000000  RWIX
  INT41                 0000fff4   00000002  00000002  00000000  RWIX
  INT42                 0000fff6   00000002  00000002  00000000  RWIX
  INT43                 0000fff8   00000002  00000002  00000000  RWIX
  INT44                 0000fffa   00000002  00000002  00000000  RWIX
  INT45                 0000fffc   00000002  00000002  00000000  RWIX
  RESET                 0000fffe   00000002  00000002  00000000  RWIX
  FRAM2                 00010000   00008000  000016b4  0000694c  RWIX
  ROMLIB                000c0000   00004000  00000000  00004000  RWIX
  BSL1                  000ffc00   00000400  00000000  00000400  RWIX


SECTION ALLOCATION MAP

 output                                  attributes/
section   page    origin      length       input sections
--------  ----  ----------  ----------   ----------------
.data      0    00002000    0000095d     UNINITIALIZED
                  00002000    00000040     CAPT_UserConfig.obj (.data:BTN00_Cycles)
                  00002040    00000024     CAPT_UserConfig.obj (.data:BTN00)
                  00002064    0000001e     CAPT_UserConfig.obj (.data:BTN00_E00)
                  00002082    0000001e     CAPT_UserConfig.obj (.data:BTN00_E01)
                  000020a0    0000001e     CAPT_UserConfig.obj (.data:BTN00_E02)
                  000020be    0000001e     CAPT_UserConfig.obj (.data:BTN00_E03)
                  000020dc    0000001e     CAPT_UserConfig.obj (.data:BTN00_E04)
                  000020fa    0000001e     CAPT_UserConfig.obj (.data:BTN00_E05)
                  00002118    0000001e     CAPT_UserConfig.obj (.data:BTN00_E06)
                  00002136    0000001e     CAPT_UserConfig.obj (.data:BTN00_E07)
                  00002154    0000001e     CAPT_UserConfig.obj (.data:BTN00_E08)
                  00002172    0000001e     CAPT_UserConfig.obj (.data:BTN00_E09)
                  00002190    0000001e     CAPT_UserConfig.obj (.data:BTN00_E10)
                  000021ae    0000001e     CAPT_UserConfig.obj (.data:BTN00_E11)
                  000021cc    0000001e     CAPT_UserConfig.obj (.data:BTN00_E12)
                  000021ea    0000001e     CAPT_UserConfig.obj (.data:BTN00_E13)
                  00002208    0000001e     CAPT_UserConfig.obj (.data:BTN00_E14)
                  00002226    0000001e     CAPT_UserConfig.obj (.data:BTN00_E15)
                  00002244    0000001e     CAPT_UserConfig.obj (.data:BTN00_E16)
                  00002262    0000001e     CAPT_UserConfig.obj (.data:BTN00_E17)
                  00002280    0000001e     CAPT_UserConfig.obj (.data:BTN00_E18)
                  0000229e    0000001e     CAPT_UserConfig.obj (.data:BTN00_E19)
                  000022bc    0000001e     CAPT_UserConfig.obj (.data:BTN00_E20)
                  000022da    0000001e     CAPT_UserConfig.obj (.data:BTN00_E21)
                  000022f8    0000001e     CAPT_UserConfig.obj (.data:BTN00_E22)
                  00002316    0000001e     CAPT_UserConfig.obj (.data:BTN00_E23)
                  00002334    0000001e     CAPT_UserConfig.obj (.data:BTN00_E24)
                  00002352    0000001e     CAPT_UserConfig.obj (.data:BTN00_E25)
                  00002370    0000001e     CAPT_UserConfig.obj (.data:BTN00_E26)
                  0000238e    0000001e     CAPT_UserConfig.obj (.data:BTN00_E27)
                  000023ac    0000001e     CAPT_UserConfig.obj (.data:BTN00_E28)
                  000023ca    0000001e     CAPT_UserConfig.obj (.data:BTN00_E29)
                  000023e8    0000001e     CAPT_UserConfig.obj (.data:BTN00_E30)
                  00002406    0000001e     CAPT_UserConfig.obj (.data:BTN00_E31)
                  00002424    0000001e     CAPT_UserConfig.obj (.data:BTN00_E32)
                  00002442    0000001e     CAPT_UserConfig.obj (.data:BTN00_E33)
                  00002460    0000001e     CAPT_UserConfig.obj (.data:BTN00_E34)
                  0000247e    0000001e     CAPT_UserConfig.obj (.data:BTN00_E35)
                  0000249c    0000001e     CAPT_UserConfig.obj (.data:BTN00_E36)
                  000024ba    0000001e     CAPT_UserConfig.obj (.data:BTN00_E37)
                  000024d8    0000001e     CAPT_UserConfig.obj (.data:BTN00_E38)
                  000024f6    0000001e     CAPT_UserConfig.obj (.data:BTN00_E39)
                  00002514    0000001e     CAPT_UserConfig.obj (.data:BTN00_E40)
                  00002532    0000001e     CAPT_UserConfig.obj (.data:BTN00_E41)
                  00002550    0000001e     CAPT_UserConfig.obj (.data:BTN00_E42)
                  0000256e    0000001e     CAPT_UserConfig.obj (.data:BTN00_E43)
                  0000258c    0000001e     CAPT_UserConfig.obj (.data:BTN00_E44)
                  000025aa    0000001e     CAPT_UserConfig.obj (.data:BTN00_E45)
                  000025c8    0000001e     CAPT_UserConfig.obj (.data:BTN00_E46)
                  000025e6    0000001e     CAPT_UserConfig.obj (.data:BTN00_E47)
                  00002604    0000001e     CAPT_UserConfig.obj (.data:BTN00_E48)
                  00002622    0000001e     CAPT_UserConfig.obj (.data:BTN00_E49)
                  00002640    0000001e     CAPT_UserConfig.obj (.data:BTN00_E50)
                  0000265e    0000001e     CAPT_UserConfig.obj (.data:BTN00_E51)
                  0000267c    0000001e     CAPT_UserConfig.obj (.data:BTN00_E52)
                  0000269a    0000001e     CAPT_UserConfig.obj (.data:BTN00_E53)
                  000026b8    0000001e     CAPT_UserConfig.obj (.data:BTN00_E54)
                  000026d6    0000001e     CAPT_UserConfig.obj (.data:BTN00_E55)
                  000026f4    0000001e     CAPT_UserConfig.obj (.data:BTN00_E56)
                  00002712    0000001e     CAPT_UserConfig.obj (.data:BTN00_E57)
                  00002730    0000001e     CAPT_UserConfig.obj (.data:BTN00_E58)
                  0000274e    0000001e     CAPT_UserConfig.obj (.data:BTN00_E59)
                  0000276c    0000001e     CAPT_UserConfig.obj (.data:BTN00_E60)
                  0000278a    0000001e     CAPT_UserConfig.obj (.data:BTN00_E61)
                  000027a8    0000001e     CAPT_UserConfig.obj (.data:BTN00_E62)
                  000027c6    0000001e     CAPT_UserConfig.obj (.data:BTN00_E63)
                  000027e4    00000010     CAPT_UserConfig.obj (.data:BTN00_C00_Elements)
                  000027f4    00000010     CAPT_UserConfig.obj (.data:BTN00_C01_Elements)
                  00002804    00000010     CAPT_UserConfig.obj (.data:BTN00_C02_Elements)
                  00002814    00000010     CAPT_UserConfig.obj (.data:BTN00_C03_Elements)
                  00002824    00000010     CAPT_UserConfig.obj (.data:BTN00_C04_Elements)
                  00002834    00000010     CAPT_UserConfig.obj (.data:BTN00_C05_Elements)
                  00002844    00000010     CAPT_UserConfig.obj (.data:BTN00_C06_Elements)
                  00002854    00000010     CAPT_UserConfig.obj (.data:BTN00_C07_Elements)
                  00002864    00000010     CAPT_UserConfig.obj (.data:BTN00_C08_Elements)
                  00002874    00000010     CAPT_UserConfig.obj (.data:BTN00_C09_Elements)
                  00002884    00000010     CAPT_UserConfig.obj (.data:BTN00_C10_Elements)
                  00002894    00000010     CAPT_UserConfig.obj (.data:BTN00_C11_Elements)
                  000028a4    00000010     CAPT_UserConfig.obj (.data:BTN00_C12_Elements)
                  000028b4    00000010     CAPT_UserConfig.obj (.data:BTN00_C13_Elements)
                  000028c4    00000010     CAPT_UserConfig.obj (.data:BTN00_C14_Elements)
                  000028d4    00000010     CAPT_UserConfig.obj (.data:BTN00_C15_Elements)
                  000028e4    00000010     CAPT_UserConfig.obj (.data:g_uiApp)
                  000028f4    00000006     CAPT_UserConfig.obj (.data:BTN00_C00)
                  000028fa    00000006     CAPT_UserConfig.obj (.data:BTN00_C01)
                  00002900    00000006     CAPT_UserConfig.obj (.data:BTN00_C02)
                  00002906    00000006     CAPT_UserConfig.obj (.data:BTN00_C03)
                  0000290c    00000006     CAPT_UserConfig.obj (.data:BTN00_C04)
                  00002912    00000006     CAPT_UserConfig.obj (.data:BTN00_C05)
                  00002918    00000006     CAPT_UserConfig.obj (.data:BTN00_C06)
                  0000291e    00000006     CAPT_UserConfig.obj (.data:BTN00_C07)
                  00002924    00000006     CAPT_UserConfig.obj (.data:BTN00_C08)
                  0000292a    00000006     CAPT_UserConfig.obj (.data:BTN00_C09)
                  00002930    00000006     CAPT_UserConfig.obj (.data:BTN00_C10)
                  00002936    00000006     CAPT_UserConfig.obj (.data:BTN00_C11)
                  0000293c    00000006     CAPT_UserConfig.obj (.data:BTN00_C12)
                  00002942    00000006     CAPT_UserConfig.obj (.data:BTN00_C13)
                  00002948    00000006     CAPT_UserConfig.obj (.data:BTN00_C14)
                  0000294e    00000006     CAPT_UserConfig.obj (.data:BTN00_C15)
                  00002954    00000004     driverlib_fr2676_family.lib : cs.o (.data)
                  00002958    00000004     CAPT_UserConfig.obj (.data:g_pCaptivateSensorArray)
                  0000295c    00000001     CAPT_App.obj (.data)

.TI.persistent 
*          0    00008000    00000000     UNINITIALIZED

.cio       0    00008000    00000000     UNINITIALIZED

.sysmem    0    00008000    00000000     UNINITIALIZED

.cinit     0    00008000    0000041c     
                  00008000    000003f9     (.cinit..data.load) [load image, compression = lzss]
                  000083f9    00000001     --HOLE-- [fill = 0]
                  000083fa    0000000c     (__TI_handler_table)
                  00008406    00000006     (.cinit..bss.load) [load image, compression = zero_init]
                  0000840c    00000010     (__TI_cinit_table)

.pinit     0    0000841c    00000000     UNINITIALIZED

.binit     0    0000841c    00000000     

.init_array 
*          0    0000841c    00000000     UNINITIALIZED

.mspabi.exidx 
*          0    0000841c    00000000     UNINITIALIZED

.mspabi.extab 
*          0    0000841c    00000000     UNINITIALIZED

.const     0    0000841c    00000018     
                  0000841c    00000018     CAPT_Interface.obj (.const:g_UARTPort)

.text:_isr 
*          0    00008434    00000152     
                  00008434    000000c2     UART.obj (.text:_isr:UART_ISR)
                  000084f6    00000040     CAPT_ISR.obj (.text:_isr:CAPT_ISR)
                  00008536    00000028     main.obj (.text:_isr:USCIB0_ISR)
                  0000855e    00000020     rts430x_lc_ld_eabi.lib : boot.c.obj (.text:_isr:_c_int00_noargs_mpu)
                  0000857e    00000008                            : isr_trap.asm.obj (.text:_isr:__TI_ISR_TRAP)

.bss       0    0000295e    00000323     UNINITIALIZED
                  0000295e    00000100     CAPT_Interface.obj (.bss:g_ui8QueueBuffer)
                  00002a5e    00000030     CAPT_Interface.obj (.bss:g_ui8TransmitBuffer_ping)
                  00002a8e    00000030     CAPT_Interface.obj (.bss:g_ui8TransmitBuffer_pong)
                  00002abe    0000000c     CAPT_Interface.obj (.bss:g_parameterPacket)
                  00002aca    0000000a     CAPT_Interface.obj (.bss:g_ReceiveQueue)
                  00002ad4    0000000a     (.common:BTN00_Params)
                  00002ade    00000008     CAPT_Interface.obj (.bss:g_PingPongBuffer)
                  00002ae6    00000006     CAPT_Interface.obj (.bss)
                  00002aec    00000004     (.common:BTN00_E00_Tuning)
                  00002af0    00000004     (.common:BTN00_E01_Tuning)
                  00002af4    00000004     (.common:BTN00_E02_Tuning)
                  00002af8    00000004     (.common:BTN00_E03_Tuning)
                  00002afc    00000004     (.common:BTN00_E04_Tuning)
                  00002b00    00000004     (.common:BTN00_E05_Tuning)
                  00002b04    00000004     (.common:BTN00_E06_Tuning)
                  00002b08    00000004     (.common:BTN00_E07_Tuning)
                  00002b0c    00000004     (.common:BTN00_E08_Tuning)
                  00002b10    00000004     (.common:BTN00_E09_Tuning)
                  00002b14    00000004     (.common:BTN00_E10_Tuning)
                  00002b18    00000004     (.common:BTN00_E11_Tuning)
                  00002b1c    00000004     (.common:BTN00_E12_Tuning)
                  00002b20    00000004     (.common:BTN00_E13_Tuning)
                  00002b24    00000004     (.common:BTN00_E14_Tuning)
                  00002b28    00000004     (.common:BTN00_E15_Tuning)
                  00002b2c    00000004     (.common:BTN00_E16_Tuning)
                  00002b30    00000004     (.common:BTN00_E17_Tuning)
                  00002b34    00000004     (.common:BTN00_E18_Tuning)
                  00002b38    00000004     (.common:BTN00_E19_Tuning)
                  00002b3c    00000004     (.common:BTN00_E20_Tuning)
                  00002b40    00000004     (.common:BTN00_E21_Tuning)
                  00002b44    00000004     (.common:BTN00_E22_Tuning)
                  00002b48    00000004     (.common:BTN00_E23_Tuning)
                  00002b4c    00000004     (.common:BTN00_E24_Tuning)
                  00002b50    00000004     (.common:BTN00_E25_Tuning)
                  00002b54    00000004     (.common:BTN00_E26_Tuning)
                  00002b58    00000004     (.common:BTN00_E27_Tuning)
                  00002b5c    00000004     (.common:BTN00_E28_Tuning)
                  00002b60    00000004     (.common:BTN00_E29_Tuning)
                  00002b64    00000004     (.common:BTN00_E30_Tuning)
                  00002b68    00000004     (.common:BTN00_E31_Tuning)
                  00002b6c    00000004     (.common:BTN00_E32_Tuning)
                  00002b70    00000004     (.common:BTN00_E33_Tuning)
                  00002b74    00000004     (.common:BTN00_E34_Tuning)
                  00002b78    00000004     (.common:BTN00_E35_Tuning)
                  00002b7c    00000004     (.common:BTN00_E36_Tuning)
                  00002b80    00000004     (.common:BTN00_E37_Tuning)
                  00002b84    00000004     (.common:BTN00_E38_Tuning)
                  00002b88    00000004     (.common:BTN00_E39_Tuning)
                  00002b8c    00000004     (.common:BTN00_E40_Tuning)
                  00002b90    00000004     (.common:BTN00_E41_Tuning)
                  00002b94    00000004     (.common:BTN00_E42_Tuning)
                  00002b98    00000004     (.common:BTN00_E43_Tuning)
                  00002b9c    00000004     (.common:BTN00_E44_Tuning)
                  00002ba0    00000004     (.common:BTN00_E45_Tuning)
                  00002ba4    00000004     (.common:BTN00_E46_Tuning)
                  00002ba8    00000004     (.common:BTN00_E47_Tuning)
                  00002bac    00000004     (.common:BTN00_E48_Tuning)
                  00002bb0    00000004     (.common:BTN00_E49_Tuning)
                  00002bb4    00000004     (.common:BTN00_E50_Tuning)
                  00002bb8    00000004     (.common:BTN00_E51_Tuning)
                  00002bbc    00000004     (.common:BTN00_E52_Tuning)
                  00002bc0    00000004     (.common:BTN00_E53_Tuning)
                  00002bc4    00000004     (.common:BTN00_E54_Tuning)
                  00002bc8    00000004     (.common:BTN00_E55_Tuning)
                  00002bcc    00000004     (.common:BTN00_E56_Tuning)
                  00002bd0    00000004     (.common:BTN00_E57_Tuning)
                  00002bd4    00000004     (.common:BTN00_E58_Tuning)
                  00002bd8    00000004     (.common:BTN00_E59_Tuning)
                  00002bdc    00000004     (.common:BTN00_E60_Tuning)
                  00002be0    00000004     (.common:BTN00_E61_Tuning)
                  00002be4    00000004     (.common:BTN00_E62_Tuning)
                  00002be8    00000004     (.common:BTN00_E63_Tuning)
                  00002bec    00000004     (.common:g_pUARTPort)
                  00002bf0    00000004     (.common:g_pUARTTransmitPtr)
                  00002bf4    00000002     CAPT_Interface.obj (.bss:g_protocolProcessingVars)
                  00002bf6    00000002     (.common:BTN00_E00_RawCnts)
                  00002bf8    00000002     (.common:BTN00_E01_RawCnts)
                  00002bfa    00000002     (.common:BTN00_E02_RawCnts)
                  00002bfc    00000002     (.common:BTN00_E03_RawCnts)
                  00002bfe    00000002     (.common:BTN00_E04_RawCnts)
                  00002c00    00000002     (.common:BTN00_E05_RawCnts)
                  00002c02    00000002     (.common:BTN00_E06_RawCnts)
                  00002c04    00000002     (.common:BTN00_E07_RawCnts)
                  00002c06    00000002     (.common:BTN00_E08_RawCnts)
                  00002c08    00000002     (.common:BTN00_E09_RawCnts)
                  00002c0a    00000002     (.common:BTN00_E10_RawCnts)
                  00002c0c    00000002     (.common:BTN00_E11_RawCnts)
                  00002c0e    00000002     (.common:BTN00_E12_RawCnts)
                  00002c10    00000002     (.common:BTN00_E13_RawCnts)
                  00002c12    00000002     (.common:BTN00_E14_RawCnts)
                  00002c14    00000002     (.common:BTN00_E15_RawCnts)
                  00002c16    00000002     (.common:BTN00_E16_RawCnts)
                  00002c18    00000002     (.common:BTN00_E17_RawCnts)
                  00002c1a    00000002     (.common:BTN00_E18_RawCnts)
                  00002c1c    00000002     (.common:BTN00_E19_RawCnts)
                  00002c1e    00000002     (.common:BTN00_E20_RawCnts)
                  00002c20    00000002     (.common:BTN00_E21_RawCnts)
                  00002c22    00000002     (.common:BTN00_E22_RawCnts)
                  00002c24    00000002     (.common:BTN00_E23_RawCnts)
                  00002c26    00000002     (.common:BTN00_E24_RawCnts)
                  00002c28    00000002     (.common:BTN00_E25_RawCnts)
                  00002c2a    00000002     (.common:BTN00_E26_RawCnts)
                  00002c2c    00000002     (.common:BTN00_E27_RawCnts)
                  00002c2e    00000002     (.common:BTN00_E28_RawCnts)
                  00002c30    00000002     (.common:BTN00_E29_RawCnts)
                  00002c32    00000002     (.common:BTN00_E30_RawCnts)
                  00002c34    00000002     (.common:BTN00_E31_RawCnts)
                  00002c36    00000002     (.common:BTN00_E32_RawCnts)
                  00002c38    00000002     (.common:BTN00_E33_RawCnts)
                  00002c3a    00000002     (.common:BTN00_E34_RawCnts)
                  00002c3c    00000002     (.common:BTN00_E35_RawCnts)
                  00002c3e    00000002     (.common:BTN00_E36_RawCnts)
                  00002c40    00000002     (.common:BTN00_E37_RawCnts)
                  00002c42    00000002     (.common:BTN00_E38_RawCnts)
                  00002c44    00000002     (.common:BTN00_E39_RawCnts)
                  00002c46    00000002     (.common:BTN00_E40_RawCnts)
                  00002c48    00000002     (.common:BTN00_E41_RawCnts)
                  00002c4a    00000002     (.common:BTN00_E42_RawCnts)
                  00002c4c    00000002     (.common:BTN00_E43_RawCnts)
                  00002c4e    00000002     (.common:BTN00_E44_RawCnts)
                  00002c50    00000002     (.common:BTN00_E45_RawCnts)
                  00002c52    00000002     (.common:BTN00_E46_RawCnts)
                  00002c54    00000002     (.common:BTN00_E47_RawCnts)
                  00002c56    00000002     (.common:BTN00_E48_RawCnts)
                  00002c58    00000002     (.common:BTN00_E49_RawCnts)
                  00002c5a    00000002     (.common:BTN00_E50_RawCnts)
                  00002c5c    00000002     (.common:BTN00_E51_RawCnts)
                  00002c5e    00000002     (.common:BTN00_E52_RawCnts)
                  00002c60    00000002     (.common:BTN00_E53_RawCnts)
                  00002c62    00000002     (.common:BTN00_E54_RawCnts)
                  00002c64    00000002     (.common:BTN00_E55_RawCnts)
                  00002c66    00000002     (.common:BTN00_E56_RawCnts)
                  00002c68    00000002     (.common:BTN00_E57_RawCnts)
                  00002c6a    00000002     (.common:BTN00_E58_RawCnts)
                  00002c6c    00000002     (.common:BTN00_E59_RawCnts)
                  00002c6e    00000002     (.common:BTN00_E60_RawCnts)
                  00002c70    00000002     (.common:BTN00_E61_RawCnts)
                  00002c72    00000002     (.common:BTN00_E62_RawCnts)
                  00002c74    00000002     (.common:BTN00_E63_RawCnts)
                  00002c76    00000002     (.common:g_ui16UARTTransmitBytesLeft)
                  00002c78    00000001     (.common:RXData)
                  00002c79    00000001     (.common:TXData)
                  00002c7a    00000001     (.common:g_UARTStatus)
                  00002c7b    00000001     (.common:g_bConvCounterFlag)
                  00002c7c    00000001     (.common:g_bConvTimerFlag)
                  00002c7d    00000001     (.common:g_bDetectionFlag)
                  00002c7e    00000001     (.common:g_bEndOfConversionFlag)
                  00002c7f    00000001     (.common:g_bMaxCountErrorFlag)
                  00002c80    00000001     (.common:newData)

.stack     0    00003f00    00000100     UNINITIALIZED
                  00003f00    00000004     rts430x_lc_ld_eabi.lib : boot.c.obj (.stack)
                  00003f04    000000fc     --HOLE--

$fill000   0    0000ff80    00000004     
                  0000ff80    00000004     --HOLE-- [fill = ffff]

$fill001   0    0000ff84    00000004     
                  0000ff84    00000004     --HOLE-- [fill = ffff]

$fill002   0    0000ff88    00000002     
                  0000ff88    00000002     --HOLE-- [fill = ffff]

$fill003   0    0000ff8a    00000002     
                  0000ff8a    00000002     --HOLE-- [fill = ffff]

$fill004   0    0000ffa0    00000002     
                  0000ffa0    00000002     --HOLE-- [fill = ffff]

CAPTIVATE 
*          0    0000ffc8    00000002     
                  0000ffc8    00000002     CAPT_ISR.obj (.int19)

ECOMP0     0    0000ffca    00000002     
                  0000ffca    00000002     rts430x_lc_ld_eabi.lib : int20.asm.obj (.int20)

PORT6      0    0000ffcc    00000002     
                  0000ffcc    00000002     rts430x_lc_ld_eabi.lib : int21.asm.obj (.int21)

PORT5      0    0000ffce    00000002     
                  0000ffce    00000002     rts430x_lc_ld_eabi.lib : int22.asm.obj (.int22)

PORT4      0    0000ffd0    00000002     
                  0000ffd0    00000002     rts430x_lc_ld_eabi.lib : int23.asm.obj (.int23)

PORT3      0    0000ffd2    00000002     
                  0000ffd2    00000002     rts430x_lc_ld_eabi.lib : int24.asm.obj (.int24)

PORT2      0    0000ffd4    00000002     
                  0000ffd4    00000002     rts430x_lc_ld_eabi.lib : int25.asm.obj (.int25)

PORT1      0    0000ffd6    00000002     
                  0000ffd6    00000002     rts430x_lc_ld_eabi.lib : int26.asm.obj (.int26)

ADC        0    0000ffd8    00000002     
                  0000ffd8    00000002     rts430x_lc_ld_eabi.lib : int27.asm.obj (.int27)

EUSCI_B1   0    0000ffda    00000002     
                  0000ffda    00000002     main.obj (.int28)

EUSCI_B0   0    0000ffdc    00000002     
                  0000ffdc    00000002     rts430x_lc_ld_eabi.lib : int29.asm.obj (.int29)

EUSCI_A1   0    0000ffde    00000002     
                  0000ffde    00000002     rts430x_lc_ld_eabi.lib : int30.asm.obj (.int30)

EUSCI_A0   0    0000ffe0    00000002     
                  0000ffe0    00000002     UART.obj (.int31)

WDT        0    0000ffe2    00000002     
                  0000ffe2    00000002     rts430x_lc_ld_eabi.lib : int32.asm.obj (.int32)

RTC        0    0000ffe4    00000002     
                  0000ffe4    00000002     rts430x_lc_ld_eabi.lib : int33.asm.obj (.int33)

TIMER0_B1 
*          0    0000ffe6    00000002     
                  0000ffe6    00000002     rts430x_lc_ld_eabi.lib : int34.asm.obj (.int34)

TIMER0_B0 
*          0    0000ffe8    00000002     
                  0000ffe8    00000002     rts430x_lc_ld_eabi.lib : int35.asm.obj (.int35)

TIMER3_A1 
*          0    0000ffea    00000002     
                  0000ffea    00000002     rts430x_lc_ld_eabi.lib : int36.asm.obj (.int36)

TIMER3_A0 
*          0    0000ffec    00000002     
                  0000ffec    00000002     rts430x_lc_ld_eabi.lib : int37.asm.obj (.int37)

TIMER2_A1 
*          0    0000ffee    00000002     
                  0000ffee    00000002     rts430x_lc_ld_eabi.lib : int38.asm.obj (.int38)

TIMER2_A0 
*          0    0000fff0    00000002     
                  0000fff0    00000002     rts430x_lc_ld_eabi.lib : int39.asm.obj (.int39)

TIMER1_A1 
*          0    0000fff2    00000002     
                  0000fff2    00000002     rts430x_lc_ld_eabi.lib : int40.asm.obj (.int40)

TIMER1_A0 
*          0    0000fff4    00000002     
                  0000fff4    00000002     rts430x_lc_ld_eabi.lib : int41.asm.obj (.int41)

TIMER0_A1 
*          0    0000fff6    00000002     
                  0000fff6    00000002     rts430x_lc_ld_eabi.lib : int42.asm.obj (.int42)

TIMER0_A0 
*          0    0000fff8    00000002     
                  0000fff8    00000002     rts430x_lc_ld_eabi.lib : int43.asm.obj (.int43)

UNMI       0    0000fffa    00000002     
                  0000fffa    00000002     rts430x_lc_ld_eabi.lib : int44.asm.obj (.int44)

SYSNMI     0    0000fffc    00000002     
                  0000fffc    00000002     rts430x_lc_ld_eabi.lib : int45.asm.obj (.int45)

.reset     0    0000fffe    00000002     
                  0000fffe    00000002     rts430x_lc_ld_eabi.lib : boot.c.obj (.reset)

.text      0    00010000    000016b4     
                  00010000    000002f4     captivate_fr2676_family.lib : CAPT_Calibration.o (.text:CAPT_calibrateBiasCurrentTrim)
                  000102f4    00000234                                 : CAPT_Touch.o (.text:CAPT_updateSensor)
                  00010528    0000022a                                 : CAPT_Calibration.o (.text:CAPT_calibrateOffset)
                  00010752    00000160     CAPT_Interface.obj (.text:CAPT_accessControllerParameter)
                  000108b2    0000014a     captivate_fr2676_family.lib : CAPT_Protocol.o (.text:CAPT_accessSpecialSensorParameter)
                  000109fc    000000ec     CAPT_BSP.obj (.text:BSP_configureMCU)
                  00010ae8    000000e4     main.obj (.text:main)
                  00010bcc    000000c4     driverlib_fr2676_family.lib : cs.o (.text:CS_initFLL)
                  00010c90    000000b2     CAPT_Interface.obj (.text:CAPT_checkForInboundPacket)
                  00010d42    00000082     CAPT_Interface.obj (.text:CAPT_writeElementData)
                  00010dc4    00000078     captivate_fr2676_family.lib : CAPT_Touch.o (.text:CAPT_initSensor)
                  00010e3c    00000078     rts430x_lc_ld_eabi.lib : autoinit.c.obj (.text:__TI_auto_init_nobinit_nopinit_hold_wdt:__TI_auto_init_nobinit_nopinit_hold_wdt)
                  00010eb4    00000076                            : copy_decompress_lzss.c.obj (.text:decompress:lzss:__TI_decompress_lzss)
                  00010f2a    00000070     CAPT_Manager.obj (.text:CAPT_updateUI)
                  00010f9a    0000006c     UART.obj (.text:UART_openPort)
                  00011006    0000006a     captivate_fr2676_family.lib : CAPT_Touch.o (.text:CAPT_processFSMCycle)
                  00011070    0000006a                                 : CAPT_Touch.o (.text:CAPT_processSensor)
                  000110da    00000062     CAPT_Manager.obj (.text:CAPT_initUI)
                  0001113c    00000058     captivate_fr2676_family.lib : CAPT_ByteQueue.o (.text:CAPT_pushOntoByteQueue)
                  00011194    00000058     CAPT_Interface.obj (.text:CAPT_writeSensorData)
                  000111ec    0000004e     captivate_fr2676_family.lib : CAPT_Touch.o (.text:CAPT_preProcessSlider)
                  0001123a    0000004e                                 : CAPT_HAL.o (.text:CAPT_selectInputImpedanceBiasCurrentTrim)
                  00011288    0000004a     CAPT_Interface.obj (.text:CAPT_initCommInterface)
                  000112d2    00000046     UART.obj (.text:UART_transmitBuffer)
                  00011318    0000003e     CAPT_App.obj (.text:CAPT_appHandler)
                  00011356    0000003e     captivate_fr2676_family.lib : CAPT_Calibration.o (.text:CAPT_calibrateSensor)
                  00011394    0000003e     driverlib_fr2676_family.lib : cs.o (.text:CS_turnOnXT1LFWithTimeout)
                  000113d2    0000003e     rts430x_lc_ld_eabi.lib : asr32.asm.obj (.text:l_asr_const)
                  00011410    0000003c     FRWP_INIT_LIB_CCS_msp430_large_code_large_data.lib : frwp_init.obj (.text:__mpu_init)
                  0001144c    0000003c     rts430x_lc_ld_eabi.lib : memcpy.c.obj (.text:memcpy)
                  00011488    0000003a     CAPT_App.obj (.text:CAPT_appStart)
                  000114c2    00000032     CAPT_App.obj (.text:CAPT_appSleep)
                  000114f4    00000028     captivate_fr2676_family.lib : CAPT_ByteQueue.o (.text:CAPT_isByteQueueFull)
                  0001151c    00000026     CAPT_Manager.obj (.text:CAPT_calibrateUI)
                  00011542    00000026     CAPT_Manager.obj (.text:CAPT_getGlobalUIProximityStatus)
                  00011568    00000024     captivate_fr2676_family.lib : CAPT_HAL.o (.text:CAPT_init)
                  0001158c    00000024     rts430x_lc_ld_eabi.lib : copy_zero_init.c.obj (.text:decompress:ZI:__TI_zero_init_nomemset:__TI_zero_init_nomemset)
                  000115b0    00000020     captivate_fr2676_family.lib : CAPT_Touch.o (.text:CAPT_testForMaxCountRecalibration)
                  000115d0    0000001c                                 : CAPT_Protocol.o (.text:CAPT_getChecksum)
                  000115ec    0000001a                                 : CAPT_HAL.o (.text:CAPT_selectInputImpedanceBiasCurrent)
                  00011606    00000018                                 : CAPT_Touch.o (.text:CAPT_testForNegativeTouchRecalibration)
                  0001161e    00000016     driverlib_fr2676_family.lib : framctl.o (.text:FRAMCtl_configureWaitStateControl)
                  00011634    00000016     rts430x_lc_ld_eabi.lib : copy_decompress_none.c.obj (.text:decompress:none:__TI_decompress_none)
                  0001164a    00000012     CAPT_Interface.obj (.text:CAPT_checkForRecalibrationRequest)
                  0001165c    0000000e     CAPT_Interface.obj (.text:CAPT_UARTReceiveHandler)
                  0001166a    0000000c     captivate_fr2676_family.lib : CAPT_HAL.o (.text:CAPT_selectElectrodeChargeVoltageSource)
                  00011676    0000000a                                 : CAPT_HAL.o (.text:CAPT_getInputImpedanceBiasCurrent)
                  00011680    0000000a     driverlib_fr2676_family.lib : cs.o (.text:CS_setExternalClockSource)
                  0001168a    0000000a     CAPT_BSP.obj (.text:_system_pre_init)
                  00011694    0000000a     rts430x_lc_ld_eabi.lib : lsl16.asm.obj (.text)
                  0001169e    00000008     captivate_fr2676_family.lib : CAPT_HAL.o (.text:CAPT_clearInputImpedanceBiasCurrent)
                  000116a6    00000006                                 : CAPT_HAL.o (.text:CAPT_getInterruptVector)
                  000116ac    00000006     rts430x_lc_ld_eabi.lib : exit.c.obj (.text:abort)
                  000116b2    00000002                            : startup.c.obj (.text:_system_post_cinit)

MODULE SUMMARY

       Module                       code   ro data   rw data
       ------                       ----   -------   -------
    .\
       main.obj                     268    2         3      
    +--+----------------------------+------+---------+---------+
       Total:                       268    2         3      
                                                            
    .\captivate\ADVANCED\
       CAPT_Manager.obj             286    0         0      
    +--+----------------------------+------+---------+---------+
       Total:                       286    0         0      
                                                            
    .\captivate\BASE\
       CAPT_ISR.obj                 64     2         5      
    +--+----------------------------+------+---------+---------+
       Total:                       64     2         5      
                                                            
    .\captivate\COMM\
       CAPT_Interface.obj           854    24        390    
       UART.obj                     372    2         11     
    +--+----------------------------+------+---------+---------+
       Total:                       1226   26        401    
                                                            
    .\captivate_app\
       CAPT_BSP.obj                 246    0         0      
       CAPT_App.obj                 170    0         1      
    +--+----------------------------+------+---------+---------+
       Total:                       416    0         1      
                                                            
    .\captivate_config\
       CAPT_UserConfig.obj          0      0         2786   
    +--+----------------------------+------+---------+---------+
       Total:                       0      0         2786   
                                                            
    ../captivate/BASE/libraries/captivate_fr2676_family.lib
       CAPT_Calibration.o           1372   0         0      
       CAPT_Touch.o                 1030   0         0      
       CAPT_Protocol.o              358    0         0      
       CAPT_HAL.o                   176    0         0      
       CAPT_ByteQueue.o             128    0         0      
    +--+----------------------------+------+---------+---------+
       Total:                       3064   0         0      
                                                            
    ../driverlib/MSP430FR2xx_4xx/libraries/driverlib_fr2676_family.lib
       cs.o                         268    0         4      
       framctl.o                    22     0         0      
    +--+----------------------------+------+---------+---------+
       Total:                       290    0         4      
                                                            
    C:\ti\ccs1250\ccs\ccs_base\msp430\lib\FR2xx\FRWP_INIT_LIB_CCS_msp430_large_code_large_data.lib
       frwp_init.obj                60     0         0      
    +--+----------------------------+------+---------+---------+
       Total:                       60     0         0      
                                                            
    C:\ti\ccs1250\ccs\tools\compiler\ti-cgt-msp430_21.6.1.LTS\lib\rts430x_lc_ld_eabi.lib
       autoinit.c.obj               120    0         0      
       copy_decompress_lzss.c.obj   118    0         0      
       asr32.asm.obj                62     0         0      
       memcpy.c.obj                 60     0         0      
       copy_zero_init.c.obj         36     0         0      
       boot.c.obj                   32     2         0      
       copy_decompress_none.c.obj   22     0         0      
       lsl16.asm.obj                10     0         0      
       isr_trap.asm.obj             8      0         0      
       exit.c.obj                   6      0         0      
       int20.asm.obj                0      2         0      
       int21.asm.obj                0      2         0      
       int22.asm.obj                0      2         0      
       int23.asm.obj                0      2         0      
       int24.asm.obj                0      2         0      
       int25.asm.obj                0      2         0      
       int26.asm.obj                0      2         0      
       int27.asm.obj                0      2         0      
       int29.asm.obj                0      2         0      
       int30.asm.obj                0      2         0      
       int32.asm.obj                0      2         0      
       int33.asm.obj                0      2         0      
       int34.asm.obj                0      2         0      
       int35.asm.obj                0      2         0      
       int36.asm.obj                0      2         0      
       int37.asm.obj                0      2         0      
       int38.asm.obj                0      2         0      
       int39.asm.obj                0      2         0      
       int40.asm.obj                0      2         0      
       int41.asm.obj                0      2         0      
       int42.asm.obj                0      2         0      
       int43.asm.obj                0      2         0      
       int44.asm.obj                0      2         0      
       int45.asm.obj                0      2         0      
       startup.c.obj                2      0         0      
    +--+----------------------------+------+---------+---------+
       Total:                       476    50        0      
                                                            
       Stack:                       0      0         256    
       Linker Generated:            0      1051      0      
    +--+----------------------------+------+---------+---------+
       Grand Total:                 6150   1131      3456   


LINKER GENERATED COPY TABLES

__TI_cinit_table @ 0000840c records: 2, size/record: 8, table size: 16
	.data: load addr=00008000, load size=000003f9 bytes, run addr=00002000, run size=0000095d bytes, compression=lzss
	.bss: load addr=00008406, load size=00000006 bytes, run addr=0000295e, run size=00000323 bytes, compression=zero_init


LINKER GENERATED HANDLER TABLE

__TI_handler_table @ 000083fa records: 3, size/record: 4, table size: 12
	index: 0, handler: __TI_zero_init
	index: 1, handler: __TI_decompress_lzss
	index: 2, handler: __TI_decompress_none


GLOBAL SYMBOLS: SORTED ALPHABETICALLY BY Name 

address   name                                    
-------   ----                                    
00000700  ADCCTL0                                 
00000701  ADCCTL0_H                               
00000700  ADCCTL0_L                               
00000702  ADCCTL1                                 
00000703  ADCCTL1_H                               
00000702  ADCCTL1_L                               
00000704  ADCCTL2                                 
00000705  ADCCTL2_H                               
00000704  ADCCTL2_L                               
00000708  ADCHI                                   
00000709  ADCHI_H                                 
00000708  ADCHI_L                                 
0000071a  ADCIE                                   
0000071b  ADCIE_H                                 
0000071a  ADCIE_L                                 
0000071c  ADCIFG                                  
0000071d  ADCIFG_H                                
0000071c  ADCIFG_L                                
0000071e  ADCIV                                   
0000071f  ADCIV_H                                 
0000071e  ADCIV_L                                 
00000706  ADCLO                                   
00000707  ADCLO_H                                 
00000706  ADCLO_L                                 
0000070a  ADCMCTL0                                
0000070b  ADCMCTL0_H                              
0000070a  ADCMCTL0_L                              
00000712  ADCMEM0                                 
00000713  ADCMEM0_H                               
00000712  ADCMEM0_L                               
00000660  BAKMEM0                                 
00000661  BAKMEM0_H                               
00000660  BAKMEM0_L                               
00000662  BAKMEM1                                 
00000674  BAKMEM10                                
00000675  BAKMEM10_H                              
00000674  BAKMEM10_L                              
00000676  BAKMEM11                                
00000677  BAKMEM11_H                              
00000676  BAKMEM11_L                              
00000678  BAKMEM12                                
00000679  BAKMEM12_H                              
00000678  BAKMEM12_L                              
0000067a  BAKMEM13                                
0000067b  BAKMEM13_H                              
0000067a  BAKMEM13_L                              
0000067c  BAKMEM14                                
0000067d  BAKMEM14_H                              
0000067c  BAKMEM14_L                              
0000067e  BAKMEM15                                
0000067f  BAKMEM15_H                              
0000067e  BAKMEM15_L                              
00000663  BAKMEM1_H                               
00000662  BAKMEM1_L                               
00000664  BAKMEM2                                 
00000665  BAKMEM2_H                               
00000664  BAKMEM2_L                               
00000666  BAKMEM3                                 
00000667  BAKMEM3_H                               
00000666  BAKMEM3_L                               
00000668  BAKMEM4                                 
00000669  BAKMEM4_H                               
00000668  BAKMEM4_L                               
0000066a  BAKMEM5                                 
0000066b  BAKMEM5_H                               
0000066a  BAKMEM5_L                               
0000066c  BAKMEM6                                 
0000066d  BAKMEM6_H                               
0000066c  BAKMEM6_L                               
0000066e  BAKMEM7                                 
0000066f  BAKMEM7_H                               
0000066e  BAKMEM7_L                               
00000670  BAKMEM8                                 
00000671  BAKMEM8_H                               
00000670  BAKMEM8_L                               
00000672  BAKMEM9                                 
00000673  BAKMEM9_H                               
00000672  BAKMEM9_L                               
000109fc  BSP_configureMCU                        
00002040  BTN00                                   
000028f4  BTN00_C00                               
000027e4  BTN00_C00_Elements                      
000028fa  BTN00_C01                               
000027f4  BTN00_C01_Elements                      
00002900  BTN00_C02                               
00002804  BTN00_C02_Elements                      
00002906  BTN00_C03                               
00002814  BTN00_C03_Elements                      
0000290c  BTN00_C04                               
00002824  BTN00_C04_Elements                      
00002912  BTN00_C05                               
00002834  BTN00_C05_Elements                      
00002918  BTN00_C06                               
00002844  BTN00_C06_Elements                      
0000291e  BTN00_C07                               
00002854  BTN00_C07_Elements                      
00002924  BTN00_C08                               
00002864  BTN00_C08_Elements                      
0000292a  BTN00_C09                               
00002874  BTN00_C09_Elements                      
00002930  BTN00_C10                               
00002884  BTN00_C10_Elements                      
00002936  BTN00_C11                               
00002894  BTN00_C11_Elements                      
0000293c  BTN00_C12                               
000028a4  BTN00_C12_Elements                      
00002942  BTN00_C13                               
000028b4  BTN00_C13_Elements                      
00002948  BTN00_C14                               
000028c4  BTN00_C14_Elements                      
0000294e  BTN00_C15                               
000028d4  BTN00_C15_Elements                      
00002000  BTN00_Cycles                            
00002064  BTN00_E00                               
00002bf6  BTN00_E00_RawCnts                       
00002aec  BTN00_E00_Tuning                        
00002082  BTN00_E01                               
00002bf8  BTN00_E01_RawCnts                       
00002af0  BTN00_E01_Tuning                        
000020a0  BTN00_E02                               
00002bfa  BTN00_E02_RawCnts                       
00002af4  BTN00_E02_Tuning                        
000020be  BTN00_E03                               
00002bfc  BTN00_E03_RawCnts                       
00002af8  BTN00_E03_Tuning                        
000020dc  BTN00_E04                               
00002bfe  BTN00_E04_RawCnts                       
00002afc  BTN00_E04_Tuning                        
000020fa  BTN00_E05                               
00002c00  BTN00_E05_RawCnts                       
00002b00  BTN00_E05_Tuning                        
00002118  BTN00_E06                               
00002c02  BTN00_E06_RawCnts                       
00002b04  BTN00_E06_Tuning                        
00002136  BTN00_E07                               
00002c04  BTN00_E07_RawCnts                       
00002b08  BTN00_E07_Tuning                        
00002154  BTN00_E08                               
00002c06  BTN00_E08_RawCnts                       
00002b0c  BTN00_E08_Tuning                        
00002172  BTN00_E09                               
00002c08  BTN00_E09_RawCnts                       
00002b10  BTN00_E09_Tuning                        
00002190  BTN00_E10                               
00002c0a  BTN00_E10_RawCnts                       
00002b14  BTN00_E10_Tuning                        
000021ae  BTN00_E11                               
00002c0c  BTN00_E11_RawCnts                       
00002b18  BTN00_E11_Tuning                        
000021cc  BTN00_E12                               
00002c0e  BTN00_E12_RawCnts                       
00002b1c  BTN00_E12_Tuning                        
000021ea  BTN00_E13                               
00002c10  BTN00_E13_RawCnts                       
00002b20  BTN00_E13_Tuning                        
00002208  BTN00_E14                               
00002c12  BTN00_E14_RawCnts                       
00002b24  BTN00_E14_Tuning                        
00002226  BTN00_E15                               
00002c14  BTN00_E15_RawCnts                       
00002b28  BTN00_E15_Tuning                        
00002244  BTN00_E16                               
00002c16  BTN00_E16_RawCnts                       
00002b2c  BTN00_E16_Tuning                        
00002262  BTN00_E17                               
00002c18  BTN00_E17_RawCnts                       
00002b30  BTN00_E17_Tuning                        
00002280  BTN00_E18                               
00002c1a  BTN00_E18_RawCnts                       
00002b34  BTN00_E18_Tuning                        
0000229e  BTN00_E19                               
00002c1c  BTN00_E19_RawCnts                       
00002b38  BTN00_E19_Tuning                        
000022bc  BTN00_E20                               
00002c1e  BTN00_E20_RawCnts                       
00002b3c  BTN00_E20_Tuning                        
000022da  BTN00_E21                               
00002c20  BTN00_E21_RawCnts                       
00002b40  BTN00_E21_Tuning                        
000022f8  BTN00_E22                               
00002c22  BTN00_E22_RawCnts                       
00002b44  BTN00_E22_Tuning                        
00002316  BTN00_E23                               
00002c24  BTN00_E23_RawCnts                       
00002b48  BTN00_E23_Tuning                        
00002334  BTN00_E24                               
00002c26  BTN00_E24_RawCnts                       
00002b4c  BTN00_E24_Tuning                        
00002352  BTN00_E25                               
00002c28  BTN00_E25_RawCnts                       
00002b50  BTN00_E25_Tuning                        
00002370  BTN00_E26                               
00002c2a  BTN00_E26_RawCnts                       
00002b54  BTN00_E26_Tuning                        
0000238e  BTN00_E27                               
00002c2c  BTN00_E27_RawCnts                       
00002b58  BTN00_E27_Tuning                        
000023ac  BTN00_E28                               
00002c2e  BTN00_E28_RawCnts                       
00002b5c  BTN00_E28_Tuning                        
000023ca  BTN00_E29                               
00002c30  BTN00_E29_RawCnts                       
00002b60  BTN00_E29_Tuning                        
000023e8  BTN00_E30                               
00002c32  BTN00_E30_RawCnts                       
00002b64  BTN00_E30_Tuning                        
00002406  BTN00_E31                               
00002c34  BTN00_E31_RawCnts                       
00002b68  BTN00_E31_Tuning                        
00002424  BTN00_E32                               
00002c36  BTN00_E32_RawCnts                       
00002b6c  BTN00_E32_Tuning                        
00002442  BTN00_E33                               
00002c38  BTN00_E33_RawCnts                       
00002b70  BTN00_E33_Tuning                        
00002460  BTN00_E34                               
00002c3a  BTN00_E34_RawCnts                       
00002b74  BTN00_E34_Tuning                        
0000247e  BTN00_E35                               
00002c3c  BTN00_E35_RawCnts                       
00002b78  BTN00_E35_Tuning                        
0000249c  BTN00_E36                               
00002c3e  BTN00_E36_RawCnts                       
00002b7c  BTN00_E36_Tuning                        
000024ba  BTN00_E37                               
00002c40  BTN00_E37_RawCnts                       
00002b80  BTN00_E37_Tuning                        
000024d8  BTN00_E38                               
00002c42  BTN00_E38_RawCnts                       
00002b84  BTN00_E38_Tuning                        
000024f6  BTN00_E39                               
00002c44  BTN00_E39_RawCnts                       
00002b88  BTN00_E39_Tuning                        
00002514  BTN00_E40                               
00002c46  BTN00_E40_RawCnts                       
00002b8c  BTN00_E40_Tuning                        
00002532  BTN00_E41                               
00002c48  BTN00_E41_RawCnts                       
00002b90  BTN00_E41_Tuning                        
00002550  BTN00_E42                               
00002c4a  BTN00_E42_RawCnts                       
00002b94  BTN00_E42_Tuning                        
0000256e  BTN00_E43                               
00002c4c  BTN00_E43_RawCnts                       
00002b98  BTN00_E43_Tuning                        
0000258c  BTN00_E44                               
00002c4e  BTN00_E44_RawCnts                       
00002b9c  BTN00_E44_Tuning                        
000025aa  BTN00_E45                               
00002c50  BTN00_E45_RawCnts                       
00002ba0  BTN00_E45_Tuning                        
000025c8  BTN00_E46                               
00002c52  BTN00_E46_RawCnts                       
00002ba4  BTN00_E46_Tuning                        
000025e6  BTN00_E47                               
00002c54  BTN00_E47_RawCnts                       
00002ba8  BTN00_E47_Tuning                        
00002604  BTN00_E48                               
00002c56  BTN00_E48_RawCnts                       
00002bac  BTN00_E48_Tuning                        
00002622  BTN00_E49                               
00002c58  BTN00_E49_RawCnts                       
00002bb0  BTN00_E49_Tuning                        
00002640  BTN00_E50                               
00002c5a  BTN00_E50_RawCnts                       
00002bb4  BTN00_E50_Tuning                        
0000265e  BTN00_E51                               
00002c5c  BTN00_E51_RawCnts                       
00002bb8  BTN00_E51_Tuning                        
0000267c  BTN00_E52                               
00002c5e  BTN00_E52_RawCnts                       
00002bbc  BTN00_E52_Tuning                        
0000269a  BTN00_E53                               
00002c60  BTN00_E53_RawCnts                       
00002bc0  BTN00_E53_Tuning                        
000026b8  BTN00_E54                               
00002c62  BTN00_E54_RawCnts                       
00002bc4  BTN00_E54_Tuning                        
000026d6  BTN00_E55                               
00002c64  BTN00_E55_RawCnts                       
00002bc8  BTN00_E55_Tuning                        
000026f4  BTN00_E56                               
00002c66  BTN00_E56_RawCnts                       
00002bcc  BTN00_E56_Tuning                        
00002712  BTN00_E57                               
00002c68  BTN00_E57_RawCnts                       
00002bd0  BTN00_E57_Tuning                        
00002730  BTN00_E58                               
00002c6a  BTN00_E58_RawCnts                       
00002bd4  BTN00_E58_Tuning                        
0000274e  BTN00_E59                               
00002c6c  BTN00_E59_RawCnts                       
00002bd8  BTN00_E59_Tuning                        
0000276c  BTN00_E60                               
00002c6e  BTN00_E60_RawCnts                       
00002bdc  BTN00_E60_Tuning                        
0000278a  BTN00_E61                               
00002c70  BTN00_E61_RawCnts                       
00002be0  BTN00_E61_Tuning                        
000027a8  BTN00_E62                               
00002c72  BTN00_E62_RawCnts                       
00002be4  BTN00_E62_Tuning                        
000027c6  BTN00_E63                               
00002c74  BTN00_E63_RawCnts                       
00002be8  BTN00_E63_Tuning                        
00002ad4  BTN00_Params                            
000116ac  C$$EXIT                                 
00000b20  CAPIE                                   
00000b21  CAPIE_H                                 
00000b20  CAPIE_L                                 
00000b22  CAPIFG                                  
00000b23  CAPIFG_H                                
00000b22  CAPIFG_L                                
00000b24  CAPIV                                   
00000b25  CAPIV_H                                 
00000b24  CAPIV_L                                 
000084f6  CAPT_ISR                                
000108b2  CAPT_accessSpecialSensorParameter       
00011318  CAPT_appHandler                         
000114c2  CAPT_appSleep                           
00011488  CAPT_appStart                           
00010000  CAPT_calibrateBiasCurrentTrim           
00010528  CAPT_calibrateOffset                    
00011356  CAPT_calibrateSensor                    
0001151c  CAPT_calibrateUI                        
00010c90  CAPT_checkForInboundPacket              
0001164a  CAPT_checkForRecalibrationRequest       
0001169e  CAPT_clearInputImpedanceBiasCurrent     
000115d0  CAPT_getChecksum                        
00011542  CAPT_getGlobalUIProximityStatus         
00011676  CAPT_getInputImpedanceBiasCurrent       
000116a6  CAPT_getInterruptVector                 
00011568  CAPT_init                               
00011288  CAPT_initCommInterface                  
00010dc4  CAPT_initSensor                         
000110da  CAPT_initUI                             
000114f4  CAPT_isByteQueueFull                    
000111ec  CAPT_preProcessSlider                   
00011006  CAPT_processFSMCycle                    
00011070  CAPT_processSensor                      
0001113c  CAPT_pushOntoByteQueue                  
0001166a  CAPT_selectElectrodeChargeVoltageSource 
000115ec  CAPT_selectInputImpedanceBiasCurrent    
0001123a  CAPT_selectInputImpedanceBiasCurrentTrim
000115b0  CAPT_testForMaxCountRecalibration       
00011606  CAPT_testForNegativeTouchRecalibration  
000102f4  CAPT_updateSensor                       
00010f2a  CAPT_updateUI                           
00010d42  CAPT_writeElementData                   
00011194  CAPT_writeSensorData                    
000008e0  CP0CTL0                                 
000008e1  CP0CTL0_H                               
000008e0  CP0CTL0_L                               
000008e2  CP0CTL1                                 
000008e3  CP0CTL1_H                               
000008e2  CP0CTL1_L                               
000008f0  CP0DACCTL                               
000008f1  CP0DACCTL_H                             
000008f0  CP0DACCTL_L                             
000008f2  CP0DACDATA                              
000008f3  CP0DACDATA_H                            
000008f2  CP0DACDATA_L                            
000008e6  CP0INT                                  
000008e7  CP0INT_H                                
000008e6  CP0INT_L                                
000008e8  CP0IV                                   
000008e9  CP0IV_H                                 
000008e8  CP0IV_L                                 
000001c0  CRCDI                                   
000001c2  CRCDIRB                                 
000001c3  CRCDIRB_H                               
000001c2  CRCDIRB_L                               
000001c1  CRCDI_H                                 
000001c0  CRCDI_L                                 
000001c4  CRCINIRES                               
000001c5  CRCINIRES_H                             
000001c4  CRCINIRES_L                             
000001c6  CRCRESR                                 
000001c7  CRCRESR_H                               
000001c6  CRCRESR_L                               
00000180  CSCTL0                                  
00000181  CSCTL0_H                                
00000180  CSCTL0_L                                
00000182  CSCTL1                                  
00000183  CSCTL1_H                                
00000182  CSCTL1_L                                
00000184  CSCTL2                                  
00000185  CSCTL2_H                                
00000184  CSCTL2_L                                
00000186  CSCTL3                                  
00000187  CSCTL3_H                                
00000186  CSCTL3_L                                
00000188  CSCTL4                                  
00000189  CSCTL4_H                                
00000188  CSCTL4_L                                
0000018a  CSCTL5                                  
0000018b  CSCTL5_H                                
0000018a  CSCTL5_L                                
0000018c  CSCTL6                                  
0000018d  CSCTL6_H                                
0000018c  CSCTL6_L                                
0000018e  CSCTL7                                  
0000018f  CSCTL7_H                                
0000018e  CSCTL7_L                                
00000190  CSCTL8                                  
00000191  CSCTL8_H                                
00000190  CSCTL8_L                                
00010bcc  CS_initFLL                              
00011680  CS_setExternalClockSource               
00011394  CS_turnOnXT1LFWithTimeout               
0001161e  FRAMCtl_configureWaitStateControl       
000001a0  FRCTL0                                  
000001a1  FRCTL0_H                                
000001a0  FRCTL0_L                                
000001a4  GCCTL0                                  
000001a5  GCCTL0_H                                
000001a4  GCCTL0_L                                
000001a6  GCCTL1                                  
000001a7  GCCTL1_H                                
000001a6  GCCTL1_L                                
000004c4  MAC                                     
000004da  MAC32H                                  
000004db  MAC32H_H                                
000004da  MAC32H_L                                
000004d8  MAC32L                                  
000004d9  MAC32L_H                                
000004d8  MAC32L_L                                
000004c6  MACS                                    
000004de  MACS32H                                 
000004df  MACS32H_H                               
000004de  MACS32H_L                               
000004dc  MACS32L                                 
000004dd  MACS32L_H                               
000004dc  MACS32L_L                               
000004c7  MACS_H                                  
000004c6  MACS_L                                  
000004c5  MAC_H                                   
000004c4  MAC_L                                   
000004c0  MPY                                     
000004ec  MPY32CTL0                               
000004ed  MPY32CTL0_H                             
000004ec  MPY32CTL0_L                             
000004d2  MPY32H                                  
000004d3  MPY32H_H                                
000004d2  MPY32H_L                                
000004d0  MPY32L                                  
000004d1  MPY32L_H                                
000004d0  MPY32L_L                                
000004c2  MPYS                                    
000004d6  MPYS32H                                 
000004d7  MPYS32H_H                               
000004d6  MPYS32H_L                               
000004d4  MPYS32L                                 
000004d5  MPYS32L_H                               
000004d4  MPYS32L_L                               
000004c3  MPYS_H                                  
000004c2  MPYS_L                                  
000004c1  MPY_H                                   
000004c0  MPY_L                                   
000004c8  OP2                                     
000004e2  OP2H                                    
000004e3  OP2H_H                                  
000004e2  OP2H_L                                  
000004e0  OP2L                                    
000004e1  OP2L_H                                  
000004e0  OP2L_L                                  
000004c9  OP2_H                                   
000004c8  OP2_L                                   
00000204  P1DIR                                   
0000021a  P1IE                                    
00000218  P1IES                                   
0000021c  P1IFG                                   
00000200  P1IN                                    
0000020e  P1IV                                    
0000020f  P1IV_H                                  
0000020e  P1IV_L                                  
00000202  P1OUT                                   
00000206  P1REN                                   
0000020a  P1SEL0                                  
0000020c  P1SEL1                                  
00000216  P1SELC                                  
00000205  P2DIR                                   
0000021b  P2IE                                    
00000219  P2IES                                   
0000021d  P2IFG                                   
00000201  P2IN                                    
0000021e  P2IV                                    
0000021f  P2IV_H                                  
0000021e  P2IV_L                                  
00000203  P2OUT                                   
00000207  P2REN                                   
0000020b  P2SEL0                                  
0000020d  P2SEL1                                  
00000217  P2SELC                                  
00000224  P3DIR                                   
0000023a  P3IE                                    
00000238  P3IES                                   
0000023c  P3IFG                                   
00000220  P3IN                                    
0000022e  P3IV                                    
0000022f  P3IV_H                                  
0000022e  P3IV_L                                  
00000222  P3OUT                                   
00000226  P3REN                                   
0000022a  P3SEL0                                  
0000022c  P3SEL1                                  
00000236  P3SELC                                  
00000225  P4DIR                                   
0000023b  P4IE                                    
00000239  P4IES                                   
0000023d  P4IFG                                   
00000221  P4IN                                    
0000023e  P4IV                                    
0000023f  P4IV_H                                  
0000023e  P4IV_L                                  
00000223  P4OUT                                   
00000227  P4REN                                   
0000022b  P4SEL0                                  
0000022d  P4SEL1                                  
00000237  P4SELC                                  
00000244  P5DIR                                   
0000025a  P5IE                                    
00000258  P5IES                                   
0000025c  P5IFG                                   
00000240  P5IN                                    
0000024e  P5IV                                    
0000024f  P5IV_H                                  
0000024e  P5IV_L                                  
00000242  P5OUT                                   
00000246  P5REN                                   
0000024a  P5SEL0                                  
0000024c  P5SEL1                                  
00000256  P5SELC                                  
00000245  P6DIR                                   
0000025b  P6IE                                    
00000259  P6IES                                   
0000025d  P6IFG                                   
00000241  P6IN                                    
0000025e  P6IV                                    
0000025f  P6IV_H                                  
0000025e  P6IV_L                                  
00000243  P6OUT                                   
00000247  P6REN                                   
0000024b  P6SEL0                                  
0000024d  P6SEL1                                  
00000257  P6SELC                                  
00000204  PADIR                                   
00000205  PADIR_H                                 
00000204  PADIR_L                                 
0000021a  PAIE                                    
00000218  PAIES                                   
00000219  PAIES_H                                 
00000218  PAIES_L                                 
0000021b  PAIE_H                                  
0000021a  PAIE_L                                  
0000021c  PAIFG                                   
0000021d  PAIFG_H                                 
0000021c  PAIFG_L                                 
00000200  PAIN                                    
00000201  PAIN_H                                  
00000200  PAIN_L                                  
00000202  PAOUT                                   
00000203  PAOUT_H                                 
00000202  PAOUT_L                                 
00000206  PAREN                                   
00000207  PAREN_H                                 
00000206  PAREN_L                                 
0000020a  PASEL0                                  
0000020b  PASEL0_H                                
0000020a  PASEL0_L                                
0000020c  PASEL1                                  
0000020d  PASEL1_H                                
0000020c  PASEL1_L                                
00000216  PASELC                                  
00000217  PASELC_H                                
00000216  PASELC_L                                
00000224  PBDIR                                   
00000225  PBDIR_H                                 
00000224  PBDIR_L                                 
0000023a  PBIE                                    
00000238  PBIES                                   
00000239  PBIES_H                                 
00000238  PBIES_L                                 
0000023b  PBIE_H                                  
0000023a  PBIE_L                                  
0000023c  PBIFG                                   
0000023d  PBIFG_H                                 
0000023c  PBIFG_L                                 
00000220  PBIN                                    
00000221  PBIN_H                                  
00000220  PBIN_L                                  
00000222  PBOUT                                   
00000223  PBOUT_H                                 
00000222  PBOUT_L                                 
00000226  PBREN                                   
00000227  PBREN_H                                 
00000226  PBREN_L                                 
0000022a  PBSEL0                                  
0000022b  PBSEL0_H                                
0000022a  PBSEL0_L                                
0000022c  PBSEL1                                  
0000022d  PBSEL1_H                                
0000022c  PBSEL1_L                                
00000236  PBSELC                                  
00000237  PBSELC_H                                
00000236  PBSELC_L                                
00000244  PCDIR                                   
00000245  PCDIR_H                                 
00000244  PCDIR_L                                 
0000025a  PCIE                                    
00000258  PCIES                                   
00000259  PCIES_H                                 
00000258  PCIES_L                                 
0000025b  PCIE_H                                  
0000025a  PCIE_L                                  
0000025c  PCIFG                                   
0000025d  PCIFG_H                                 
0000025c  PCIFG_L                                 
00000240  PCIN                                    
00000241  PCIN_H                                  
00000240  PCIN_L                                  
00000242  PCOUT                                   
00000243  PCOUT_H                                 
00000242  PCOUT_L                                 
00000246  PCREN                                   
00000247  PCREN_H                                 
00000246  PCREN_L                                 
0000024a  PCSEL0                                  
0000024b  PCSEL0_H                                
0000024a  PCSEL0_L                                
0000024c  PCSEL1                                  
0000024d  PCSEL1_H                                
0000024c  PCSEL1_L                                
00000256  PCSELC                                  
00000257  PCSELC_H                                
00000256  PCSELC_L                                
00000324  PJDIR                                   
00000325  PJDIR_H                                 
00000324  PJDIR_L                                 
00000320  PJIN                                    
00000321  PJIN_H                                  
00000320  PJIN_L                                  
00000322  PJOUT                                   
00000323  PJOUT_H                                 
00000322  PJOUT_L                                 
00000326  PJREN                                   
00000327  PJREN_H                                 
00000326  PJREN_L                                 
0000032a  PJSEL0                                  
0000032b  PJSEL0_H                                
0000032a  PJSEL0_L                                
0000032c  PJSEL1                                  
0000032d  PJSEL1_H                                
0000032c  PJSEL1_L                                
00000336  PJSELC                                  
00000337  PJSELC_H                                
00000336  PJSELC_L                                
00000130  PM5CTL0                                 
00000131  PM5CTL0_H                               
00000130  PM5CTL0_L                               
00000120  PMMCTL0                                 
00000121  PMMCTL0_H                               
00000120  PMMCTL0_L                               
00000122  PMMCTL1                                 
00000123  PMMCTL1_H                               
00000122  PMMCTL1_L                               
00000124  PMMCTL2                                 
00000125  PMMCTL2_H                               
00000124  PMMCTL2_L                               
0000012a  PMMIFG                                  
0000012b  PMMIFG_H                                
0000012a  PMMIFG_L                                
000004e4  RES0                                    
000004e5  RES0_H                                  
000004e4  RES0_L                                  
000004e6  RES1                                    
000004e7  RES1_H                                  
000004e6  RES1_L                                  
000004e8  RES2                                    
000004e9  RES2_H                                  
000004e8  RES2_L                                  
000004ea  RES3                                    
000004eb  RES3_H                                  
000004ea  RES3_L                                  
000004cc  RESHI                                   
000004cd  RESHI_H                                 
000004cc  RESHI_L                                 
000004ca  RESLO                                   
000004cb  RESLO_H                                 
000004ca  RESLO_L                                 
0000030c  RTCCNT                                  
0000030d  RTCCNT_H                                
0000030c  RTCCNT_L                                
00000300  RTCCTL                                  
00000301  RTCCTL_H                                
00000300  RTCCTL_L                                
00000304  RTCIV                                   
00000305  RTCIV_H                                 
00000304  RTCIV_L                                 
00000308  RTCMOD                                  
00000309  RTCMOD_H                                
00000308  RTCMOD_L                                
00002c78  RXData                                  
00000100  SFRIE1                                  
00000101  SFRIE1_H                                
00000100  SFRIE1_L                                
00000102  SFRIFG1                                 
00000103  SFRIFG1_H                               
00000102  SFRIFG1_L                               
00000104  SFRRPCR                                 
00000105  SFRRPCR_H                               
00000104  SFRRPCR_L                               
000004ce  SUMEXT                                  
000004cf  SUMEXT_H                                
000004ce  SUMEXT_L                                
00000142  SYSBSLC                                 
00000143  SYSBSLC_H                               
00000142  SYSBSLC_L                               
00000160  SYSCFG0                                 
00000161  SYSCFG0_H                               
00000160  SYSCFG0_L                               
00000162  SYSCFG1                                 
00000163  SYSCFG1_H                               
00000162  SYSCFG1_L                               
00000164  SYSCFG2                                 
00000165  SYSCFG2_H                               
00000164  SYSCFG2_L                               
00000166  SYSCFG3                                 
00000167  SYSCFG3_H                               
00000166  SYSCFG3_L                               
[...]
00000713  ADCMEM0_H                               
0000071a  ADCIE                                   
0000071a  ADCIE_L                                 
0000071b  ADCIE_H                                 
0000071c  ADCIFG                                  
0000071c  ADCIFG_L                                
0000071d  ADCIFG_H                                
0000071e  ADCIV                                   
0000071e  ADCIV_L                                 
0000071f  ADCIV_H                                 
000008e0  CP0CTL0                                 
000008e0  CP0CTL0_L                               
000008e1  CP0CTL0_H                               
000008e2  CP0CTL1                                 
000008e2  CP0CTL1_L                               
000008e3  CP0CTL1_H                               
000008e6  CP0INT                                  
000008e6  CP0INT_L                                
000008e7  CP0INT_H                                
000008e8  CP0IV                                   
000008e8  CP0IV_L                                 
000008e9  CP0IV_H                                 
000008f0  CP0DACCTL                               
000008f0  CP0DACCTL_L                             
000008f1  CP0DACCTL_H                             
000008f2  CP0DACDATA                              
000008f2  CP0DACDATA_L                            
000008f3  CP0DACDATA_H                            
00000b20  CAPIE                                   
00000b20  CAPIE_L                                 
00000b21  CAPIE_H                                 
00000b22  CAPIFG                                  
00000b22  CAPIFG_L                                
00000b23  CAPIFG_H                                
00000b24  CAPIV                                   
00000b24  CAPIV_L                                 
00000b25  CAPIV_H                                 
00002000  BTN00_Cycles                            
00002040  BTN00                                   
00002064  BTN00_E00                               
00002082  BTN00_E01                               
000020a0  BTN00_E02                               
000020be  BTN00_E03                               
000020dc  BTN00_E04                               
000020fa  BTN00_E05                               
00002118  BTN00_E06                               
00002136  BTN00_E07                               
00002154  BTN00_E08                               
00002172  BTN00_E09                               
00002190  BTN00_E10                               
000021ae  BTN00_E11                               
000021cc  BTN00_E12                               
000021ea  BTN00_E13                               
00002208  BTN00_E14                               
00002226  BTN00_E15                               
00002244  BTN00_E16                               
00002262  BTN00_E17                               
00002280  BTN00_E18                               
0000229e  BTN00_E19                               
000022bc  BTN00_E20                               
000022da  BTN00_E21                               
000022f8  BTN00_E22                               
00002316  BTN00_E23                               
00002334  BTN00_E24                               
00002352  BTN00_E25                               
00002370  BTN00_E26                               
0000238e  BTN00_E27                               
000023ac  BTN00_E28                               
000023ca  BTN00_E29                               
000023e8  BTN00_E30                               
00002406  BTN00_E31                               
00002424  BTN00_E32                               
00002442  BTN00_E33                               
00002460  BTN00_E34                               
0000247e  BTN00_E35                               
0000249c  BTN00_E36                               
000024ba  BTN00_E37                               
000024d8  BTN00_E38                               
000024f6  BTN00_E39                               
00002514  BTN00_E40                               
00002532  BTN00_E41                               
00002550  BTN00_E42                               
0000256e  BTN00_E43                               
0000258c  BTN00_E44                               
000025aa  BTN00_E45                               
000025c8  BTN00_E46                               
000025e6  BTN00_E47                               
00002604  BTN00_E48                               
00002622  BTN00_E49                               
00002640  BTN00_E50                               
0000265e  BTN00_E51                               
0000267c  BTN00_E52                               
0000269a  BTN00_E53                               
000026b8  BTN00_E54                               
000026d6  BTN00_E55                               
000026f4  BTN00_E56                               
00002712  BTN00_E57                               
00002730  BTN00_E58                               
0000274e  BTN00_E59                               
0000276c  BTN00_E60                               
0000278a  BTN00_E61                               
000027a8  BTN00_E62                               
000027c6  BTN00_E63                               
000027e4  BTN00_C00_Elements                      
000027f4  BTN00_C01_Elements                      
00002804  BTN00_C02_Elements                      
00002814  BTN00_C03_Elements                      
00002824  BTN00_C04_Elements                      
00002834  BTN00_C05_Elements                      
00002844  BTN00_C06_Elements                      
00002854  BTN00_C07_Elements                      
00002864  BTN00_C08_Elements                      
00002874  BTN00_C09_Elements                      
00002884  BTN00_C10_Elements                      
00002894  BTN00_C11_Elements                      
000028a4  BTN00_C12_Elements                      
000028b4  BTN00_C13_Elements                      
000028c4  BTN00_C14_Elements                      
000028d4  BTN00_C15_Elements                      
000028e4  g_uiApp                                 
000028f4  BTN00_C00                               
000028fa  BTN00_C01                               
00002900  BTN00_C02                               
00002906  BTN00_C03                               
0000290c  BTN00_C04                               
00002912  BTN00_C05                               
00002918  BTN00_C06                               
0000291e  BTN00_C07                               
00002924  BTN00_C08                               
0000292a  BTN00_C09                               
00002930  BTN00_C10                               
00002936  BTN00_C11                               
0000293c  BTN00_C12                               
00002942  BTN00_C13                               
00002948  BTN00_C14                               
0000294e  BTN00_C15                               
00002958  g_pCaptivateSensorArray                 
00002ad4  BTN00_Params                            
00002aec  BTN00_E00_Tuning                        
00002af0  BTN00_E01_Tuning                        
00002af4  BTN00_E02_Tuning                        
00002af8  BTN00_E03_Tuning                        
00002afc  BTN00_E04_Tuning                        
00002b00  BTN00_E05_Tuning                        
00002b04  BTN00_E06_Tuning                        
00002b08  BTN00_E07_Tuning                        
00002b0c  BTN00_E08_Tuning                        
00002b10  BTN00_E09_Tuning                        
00002b14  BTN00_E10_Tuning                        
00002b18  BTN00_E11_Tuning                        
00002b1c  BTN00_E12_Tuning                        
00002b20  BTN00_E13_Tuning                        
00002b24  BTN00_E14_Tuning                        
00002b28  BTN00_E15_Tuning                        
00002b2c  BTN00_E16_Tuning                        
00002b30  BTN00_E17_Tuning                        
00002b34  BTN00_E18_Tuning                        
00002b38  BTN00_E19_Tuning                        
00002b3c  BTN00_E20_Tuning                        
00002b40  BTN00_E21_Tuning                        
00002b44  BTN00_E22_Tuning                        
00002b48  BTN00_E23_Tuning                        
00002b4c  BTN00_E24_Tuning                        
00002b50  BTN00_E25_Tuning                        
00002b54  BTN00_E26_Tuning                        
00002b58  BTN00_E27_Tuning                        
00002b5c  BTN00_E28_Tuning                        
00002b60  BTN00_E29_Tuning                        
00002b64  BTN00_E30_Tuning                        
00002b68  BTN00_E31_Tuning                        
00002b6c  BTN00_E32_Tuning                        
00002b70  BTN00_E33_Tuning                        
00002b74  BTN00_E34_Tuning                        
00002b78  BTN00_E35_Tuning                        
00002b7c  BTN00_E36_Tuning                        
00002b80  BTN00_E37_Tuning                        
00002b84  BTN00_E38_Tuning                        
00002b88  BTN00_E39_Tuning                        
00002b8c  BTN00_E40_Tuning                        
00002b90  BTN00_E41_Tuning                        
00002b94  BTN00_E42_Tuning                        
00002b98  BTN00_E43_Tuning                        
00002b9c  BTN00_E44_Tuning                        
00002ba0  BTN00_E45_Tuning                        
00002ba4  BTN00_E46_Tuning                        
00002ba8  BTN00_E47_Tuning                        
00002bac  BTN00_E48_Tuning                        
00002bb0  BTN00_E49_Tuning                        
00002bb4  BTN00_E50_Tuning                        
00002bb8  BTN00_E51_Tuning                        
00002bbc  BTN00_E52_Tuning                        
00002bc0  BTN00_E53_Tuning                        
00002bc4  BTN00_E54_Tuning                        
00002bc8  BTN00_E55_Tuning                        
00002bcc  BTN00_E56_Tuning                        
00002bd0  BTN00_E57_Tuning                        
00002bd4  BTN00_E58_Tuning                        
00002bd8  BTN00_E59_Tuning                        
00002bdc  BTN00_E60_Tuning                        
00002be0  BTN00_E61_Tuning                        
00002be4  BTN00_E62_Tuning                        
00002be8  BTN00_E63_Tuning                        
00002bec  g_pUARTPort                             
00002bf0  g_pUARTTransmitPtr                      
00002bf6  BTN00_E00_RawCnts                       
00002bf8  BTN00_E01_RawCnts                       
00002bfa  BTN00_E02_RawCnts                       
00002bfc  BTN00_E03_RawCnts                       
00002bfe  BTN00_E04_RawCnts                       
00002c00  BTN00_E05_RawCnts                       
00002c02  BTN00_E06_RawCnts                       
00002c04  BTN00_E07_RawCnts                       
00002c06  BTN00_E08_RawCnts                       
00002c08  BTN00_E09_RawCnts                       
00002c0a  BTN00_E10_RawCnts                       
00002c0c  BTN00_E11_RawCnts                       
00002c0e  BTN00_E12_RawCnts                       
00002c10  BTN00_E13_RawCnts                       
00002c12  BTN00_E14_RawCnts                       
00002c14  BTN00_E15_RawCnts                       
00002c16  BTN00_E16_RawCnts                       
00002c18  BTN00_E17_RawCnts                       
00002c1a  BTN00_E18_RawCnts                       
00002c1c  BTN00_E19_RawCnts                       
00002c1e  BTN00_E20_RawCnts                       
00002c20  BTN00_E21_RawCnts                       
00002c22  BTN00_E22_RawCnts                       
00002c24  BTN00_E23_RawCnts                       
00002c26  BTN00_E24_RawCnts                       
00002c28  BTN00_E25_RawCnts                       
00002c2a  BTN00_E26_RawCnts                       
00002c2c  BTN00_E27_RawCnts                       
00002c2e  BTN00_E28_RawCnts                       
00002c30  BTN00_E29_RawCnts                       
00002c32  BTN00_E30_RawCnts                       
00002c34  BTN00_E31_RawCnts                       
00002c36  BTN00_E32_RawCnts                       
00002c38  BTN00_E33_RawCnts                       
00002c3a  BTN00_E34_RawCnts                       
00002c3c  BTN00_E35_RawCnts                       
00002c3e  BTN00_E36_RawCnts                       
00002c40  BTN00_E37_RawCnts                       
00002c42  BTN00_E38_RawCnts                       
00002c44  BTN00_E39_RawCnts                       
00002c46  BTN00_E40_RawCnts                       
00002c48  BTN00_E41_RawCnts                       
00002c4a  BTN00_E42_RawCnts                       
00002c4c  BTN00_E43_RawCnts                       
00002c4e  BTN00_E44_RawCnts                       
00002c50  BTN00_E45_RawCnts                       
00002c52  BTN00_E46_RawCnts                       
00002c54  BTN00_E47_RawCnts                       
00002c56  BTN00_E48_RawCnts                       
00002c58  BTN00_E49_RawCnts                       
00002c5a  BTN00_E50_RawCnts                       
00002c5c  BTN00_E51_RawCnts                       
00002c5e  BTN00_E52_RawCnts                       
00002c60  BTN00_E53_RawCnts                       
00002c62  BTN00_E54_RawCnts                       
00002c64  BTN00_E55_RawCnts                       
00002c66  BTN00_E56_RawCnts                       
00002c68  BTN00_E57_RawCnts                       
00002c6a  BTN00_E58_RawCnts                       
00002c6c  BTN00_E59_RawCnts                       
00002c6e  BTN00_E60_RawCnts                       
00002c70  BTN00_E61_RawCnts                       
00002c72  BTN00_E62_RawCnts                       
00002c74  BTN00_E63_RawCnts                       
00002c76  g_ui16UARTTransmitBytesLeft             
00002c78  RXData                                  
00002c79  TXData                                  
00002c7a  g_UARTStatus                            
00002c7b  g_bConvCounterFlag                      
00002c7c  g_bConvTimerFlag                        
00002c7d  g_bDetectionFlag                        
00002c7e  g_bEndOfConversionFlag                  
00002c7f  g_bMaxCountErrorFlag                    
00002c80  newData                                 
00003f00  _stack                                  
00004000  __STACK_END                             
00008000  fram_rw_start                           
00008000  fram_rx_start                           
000083fa  __TI_Handler_Table_Base                 
00008406  __TI_Handler_Table_Limit                
0000840c  __TI_CINIT_Base                         
0000841c  __TI_CINIT_Limit                        
0000841c  __TI_CINIT_Warm                         
00008434  UART_ISR                                
000084f6  CAPT_ISR                                
00008536  USCIB0_ISR                              
0000855e  _c_int00_noargs_mpu                     
0000857e  __TI_ISR_TRAP                           
0000ffc8  __TI_int19                              
0000ffca  __TI_int20                              
0000ffcc  __TI_int21                              
0000ffce  __TI_int22                              
0000ffd0  __TI_int23                              
0000ffd2  __TI_int24                              
0000ffd4  __TI_int25                              
0000ffd6  __TI_int26                              
0000ffd8  __TI_int27                              
0000ffda  __TI_int28                              
0000ffdc  __TI_int29                              
0000ffde  __TI_int30                              
0000ffe0  __TI_int31                              
0000ffe2  __TI_int32                              
0000ffe4  __TI_int33                              
0000ffe6  __TI_int34                              
0000ffe8  __TI_int35                              
0000ffea  __TI_int36                              
0000ffec  __TI_int37                              
0000ffee  __TI_int38                              
0000fff0  __TI_int39                              
0000fff2  __TI_int40                              
0000fff4  __TI_int41                              
0000fff6  __TI_int42                              
0000fff8  __TI_int43                              
0000fffa  __TI_int44                              
0000fffc  __TI_int45                              
0000fffe  _reset_vector                           
00010000  CAPT_calibrateBiasCurrentTrim           
000102f4  CAPT_updateSensor                       
00010528  CAPT_calibrateOffset                    
000108b2  CAPT_accessSpecialSensorParameter       
000109fc  BSP_configureMCU                        
00010ae8  main                                    
00010bcc  CS_initFLL                              
00010c90  CAPT_checkForInboundPacket              
00010d42  CAPT_writeElementData                   
00010dc4  CAPT_initSensor                         
00010e3c  __TI_auto_init_nobinit_nopinit_hold_wdt 
00010eb4  __TI_decompress_lzss                    
00010f2a  CAPT_updateUI                           
00010f9a  UART_openPort                           
00011006  CAPT_processFSMCycle                    
00011070  CAPT_processSensor                      
000110da  CAPT_initUI                             
0001113c  CAPT_pushOntoByteQueue                  
00011194  CAPT_writeSensorData                    
000111ec  CAPT_preProcessSlider                   
0001123a  CAPT_selectInputImpedanceBiasCurrentTrim
00011288  CAPT_initCommInterface                  
000112d2  UART_transmitBuffer                     
00011318  CAPT_appHandler                         
00011356  CAPT_calibrateSensor                    
00011394  CS_turnOnXT1LFWithTimeout               
000113d2  __mspabi_sral_15                        
000113d6  __mspabi_sral_14                        
000113da  __mspabi_sral_13                        
000113de  __mspabi_sral_12                        
000113e2  __mspabi_sral_11                        
000113e6  __mspabi_sral_10                        
000113ea  __mspabi_sral_9                         
000113ee  __mspabi_sral_8                         
000113f2  __mspabi_sral_7                         
000113f6  __mspabi_sral_6                         
000113fa  __mspabi_sral_5                         
000113fe  __mspabi_sral_4                         
00011402  __mspabi_sral_3                         
00011406  __mspabi_sral_2                         
0001140a  __mspabi_sral_1                         
00011410  __mpu_init                              
0001144c  memcpy                                  
00011488  CAPT_appStart                           
000114c2  CAPT_appSleep                           
000114f4  CAPT_isByteQueueFull                    
0001151c  CAPT_calibrateUI                        
00011542  CAPT_getGlobalUIProximityStatus         
00011568  CAPT_init                               
0001158c  __TI_zero_init_nomemset                 
000115b0  CAPT_testForMaxCountRecalibration       
000115d0  CAPT_getChecksum                        
000115ec  CAPT_selectInputImpedanceBiasCurrent    
00011606  CAPT_testForNegativeTouchRecalibration  
0001161e  FRAMCtl_configureWaitStateControl       
00011634  __TI_decompress_none                    
0001164a  CAPT_checkForRecalibrationRequest       
0001166a  CAPT_selectElectrodeChargeVoltageSource 
00011676  CAPT_getInputImpedanceBiasCurrent       
00011680  CS_setExternalClockSource               
0001168a  _system_pre_init                        
00011694  __mspabi_slli                           
0001169e  CAPT_clearInputImpedanceBiasCurrent     
000116a6  CAPT_getInterruptVector                 
000116ac  C$$EXIT                                 
000116ac  abort                                   
000116b2  _system_post_cinit                      
ffffffff  __TI_pprof_out_hndl                     
ffffffff  __TI_prof_data_size                     
ffffffff  __TI_prof_data_start                    
ffffffff  __c_args__                              

[1199 symbols]
